# Path: /Users/ganonmac/Library/Developer/Xcode/DerivedData/Gamepad_osx-cpfkpfswvuuviiacxqqmawvydjte/Build/Products/Debug/Gamepad_osx.dylib
# Arch: i386
# Object files:
[  0] linker synthesized
[  1] /Users/ganonmac/Library/Developer/Xcode/DerivedData/Gamepad_osx-cpfkpfswvuuviiacxqqmawvydjte/Build/Intermediates/Gamepad_osx.build/Debug/Gamepad_osx.build/Objects-normal/i386/GamePad.o
[  2] /Users/ganonmac/Library/Developer/Xcode/DerivedData/Gamepad_osx-cpfkpfswvuuviiacxqqmawvydjte/Build/Intermediates/Gamepad_osx.build/Debug/Gamepad_osx.build/Objects-normal/i386/GamePad_register.o
[  3] /Users/ganonmac/Library/Developer/Xcode/DerivedData/Gamepad_osx-cpfkpfswvuuviiacxqqmawvydjte/Build/Intermediates/Gamepad_osx.build/Debug/Gamepad_osx.build/Objects-normal/i386/GamePad_platform.o
[  4] /Users/ganonmac/Library/Developer/Xcode/DerivedData/Gamepad_osx-cpfkpfswvuuviiacxqqmawvydjte/Build/Intermediates/Gamepad_osx.build/Debug/Gamepad_osx.build/Objects-normal/i386/Xbox360Controller.o
[  5] /Users/ganonmac/Library/Developer/Xcode/DerivedData/Gamepad_osx-cpfkpfswvuuviiacxqqmawvydjte/Build/Intermediates/Gamepad_osx.build/Debug/Gamepad_osx.build/Objects-normal/i386/Xbox360ControllerManager.o
[  6] /Applications/Marmalade.app/Contents/s3e/edk/lib/osx/libedk.a(iwcrt_api_bind.o)
[  7] /Applications/Marmalade.app/Contents/s3e/edk/lib/osx/libedk.a(iwcrt_api_define.o)
[  8] /Applications/Marmalade.app/Contents/s3e/edk/lib/osx/libedk.a(IwMain.o)
[  9] /Applications/Xcode.app/Contents/Developer/Platforms/MacOSX.platform/Developer/SDKs/MacOSX10.9.sdk/System/Library/Frameworks//ForceFeedback.framework/ForceFeedback
[ 10] /Applications/Xcode.app/Contents/Developer/Platforms/MacOSX.platform/Developer/SDKs/MacOSX10.9.sdk/System/Library/Frameworks//IOKit.framework/IOKit
[ 11] /Applications/Xcode.app/Contents/Developer/Platforms/MacOSX.platform/Developer/SDKs/MacOSX10.9.sdk/System/Library/Frameworks//Foundation.framework/Foundation
[ 12] /Applications/Xcode.app/Contents/Developer/Platforms/MacOSX.platform/Developer/SDKs/MacOSX10.9.sdk/usr/lib/libobjc.dylib
[ 13] /Applications/Xcode.app/Contents/Developer/Platforms/MacOSX.platform/Developer/SDKs/MacOSX10.9.sdk/usr/lib/libSystem.dylib
[ 14] /Applications/Xcode.app/Contents/Developer/Platforms/MacOSX.platform/Developer/SDKs/MacOSX10.9.sdk/System/Library/Frameworks//CoreFoundation.framework/CoreFoundation
# Sections:
# Address	Size    	Segment	Section
0x00000D00	0x0000DDE2	__TEXT	__text
0x0000EAE2	0x0000011A	__TEXT	__symbol_stub
0x0000EBFC	0x000001D8	__TEXT	__stub_helper
0x0000EDD4	0x0000313F	__TEXT	__cstring
0x00011F18	0x00000010	__TEXT	__const
0x00011F28	0x000000D0	__TEXT	__unwind_info
0x00012000	0x00000078	__DATA	__nl_symbol_ptr
0x00012078	0x000000BC	__DATA	__la_symbol_ptr
0x00012134	0x00000100	__DATA	__cfstring
0x00012234	0x00002212	__DATA	__data
0x00014448	0x00000304	__DATA	__bss
0x00015000	0x0000001C	__OBJC	__cls_refs
0x0001501C	0x0000017C	__OBJC	__message_refs
0x00015198	0x00000030	__OBJC	__module_info
0x000151C8	0x00000060	__OBJC	__class
0x00015228	0x00000060	__OBJC	__meta_class
0x00015288	0x0000026C	__OBJC	__instance_vars
0x000154F4	0x00000244	__OBJC	__inst_meth
0x00015738	0x000000E8	__OBJC	__property
0x00015820	0x00000018	__OBJC	__class_ext
0x00015838	0x00000020	__OBJC	__symbols
0x00015858	0x00000020	__OBJC	__cls_meth
0x00015878	0x00000008	__OBJC	__image_info
# Symbols:
# Address	Size    	File  Name
0x00000D00	0x00000010	[  1] __Z11GamePadInitv
0x00000D10	0x00000010	[  1] __Z16GamePadTerminatev
0x00000D20	0x00000020	[  1] _GamePad_IsConnected
0x00000D40	0x00000030	[  1] _GamePad_Update
0x00000D70	0x00000020	[  1] _GamePad_GetStick1XAxis
0x00000D90	0x00000020	[  1] _GamePad_GetStick1YAxis
0x00000DB0	0x00000020	[  1] _GamePad_GetStick2XAxis
0x00000DD0	0x00000020	[  1] _GamePad_GetStick2YAxis
0x00000DF0	0x00000020	[  1] _GamePad_GetLeftTrigger
0x00000E10	0x00000020	[  1] _GamePad_GetRightTrigger
0x00000E30	0x00000020	[  1] _GamePad_GetButtonX
0x00000E50	0x00000020	[  1] _GamePad_GetButtonY
0x00000E70	0x00000020	[  1] _GamePad_GetButtonA
0x00000E90	0x00000020	[  1] _GamePad_GetButtonB
0x00000EB0	0x00000020	[  1] _GamePad_GetButtonDPadLeft
0x00000ED0	0x00000020	[  1] _GamePad_GetButtonDPadRight
0x00000EF0	0x00000020	[  1] _GamePad_GetButtonDPadUp
0x00000F10	0x00000020	[  1] _GamePad_GetButtonDPadDown
0x00000F30	0x00000020	[  1] _GamePad_GetButtonLShoulderDown
0x00000F50	0x00000020	[  1] _GamePad_GetButtonRShoulderDown
0x00000F70	0x00000020	[  1] _GamePad_GetButtonStart
0x00000F90	0x00000015	[  1] _GamePad_GetButtonSelect
0x00000FB0	0x00000320	[  2] __Z18GamePadRegisterExtv
0x000012D0	0x00000010	[  2] _RegisterExt
0x000012E0	0x00000040	[  3] __Z20GamePadInit_platformv
0x00001320	0x00000010	[  3] __Z25GamePadTerminate_platformv
0x00001330	0x00000060	[  3] __Z28GamePad_IsConnected_platformv
0x00001390	0x00000070	[  3] __Z23GamePad_Update_platformf
0x00001400	0x000000E0	[  3] __Z31GamePad_GetStick1XAxis_platformv
0x000014E0	0x000000E0	[  3] __Z31GamePad_GetStick1YAxis_platformv
0x000015C0	0x000000E0	[  3] __Z31GamePad_GetStick2XAxis_platformv
0x000016A0	0x000000E0	[  3] __Z31GamePad_GetStick2YAxis_platformv
0x00001780	0x000000E0	[  3] __Z31GamePad_GetLeftTrigger_platformv
0x00001860	0x000000E0	[  3] __Z32GamePad_GetRightTrigger_platformv
0x00001940	0x000000D0	[  3] __Z27GamePad_GetButtonX_platformv
0x00001A10	0x000000D0	[  3] __Z27GamePad_GetButtonY_platformv
0x00001AE0	0x00000140	[  3] __Z27GamePad_GetButtonA_platformv
0x00001C20	0x000000D0	[  3] __Z27GamePad_GetButtonB_platformv
0x00001CF0	0x000000D0	[  3] __Z34GamePad_GetButtonDPadLeft_platformv
0x00001DC0	0x000000D0	[  3] __Z35GamePad_GetButtonDPadRight_platformv
0x00001E90	0x000000D0	[  3] __Z32GamePad_GetButtonDPadUp_platformv
0x00001F60	0x000000D0	[  3] __Z34GamePad_GetButtonDPadDown_platformv
0x00002030	0x000000D0	[  3] __Z39GamePad_GetButtonLShoulderDown_platformv
0x00002100	0x000000D0	[  3] __Z39GamePad_GetButtonRShoulderDown_platformv
0x000021D0	0x000000D0	[  3] __Z31GamePad_GetButtonStart_platformv
0x000022A0	0x000000CE	[  3] __Z32GamePad_GetButtonSelect_platformv
0x00002370	0x00000640	[  4] -[Xbox360Controller initWithHidDevice:]
0x000029B0	0x00000230	[  4] -[Xbox360Controller dealloc]
0x00002BE0	0x00000090	[  4] -[Xbox360Controller runMotorsLarge:Small:]
0x00002C70	0x000000A0	[  4] -[Xbox360Controller setMotorOverride:]
0x00002D10	0x00000340	[  4] -[Xbox360Controller axisChanged:newValue:]
0x00003050	0x00000110	[  4] -[Xbox360Controller buttonDelegateMethod:Released:State:]
0x00003160	0x000004D0	[  4] -[Xbox360Controller buttonChanged:newValue:]
0x00003630	0x00000210	[  4] -[Xbox360Controller eventQueueFired:withResult:]
0x00003840	0x00000720	[  4] -[Xbox360Controller startDevice]
0x00003F60	0x00000070	[  4] _Xbox360ControllerCallback
0x00003FD0	0x00000190	[  4] -[Xbox360Controller stopDevice]
0x00004160	0x00000070	[  4] -[Xbox360Controller leftStickX]
0x000041D0	0x00000070	[  4] -[Xbox360Controller leftStickY]
0x00004240	0x00000070	[  4] -[Xbox360Controller rightStickX]
0x000042B0	0x00000070	[  4] -[Xbox360Controller rightStickY]
0x00004320	0x000002C0	[  4] -[Xbox360Controller deviceIsAccessible]
0x000045E0	0x000000C0	[  4] -[Xbox360Controller disconnect]
0x000046A0	0x00000020	[  4] -[Xbox360Controller myHid]
0x000046C0	0x00000030	[  4] -[Xbox360Controller leftTrigger]
0x000046F0	0x00000030	[  4] -[Xbox360Controller rightTrigger]
0x00004720	0x00000030	[  4] -[Xbox360Controller a]
0x00004750	0x00000030	[  4] -[Xbox360Controller b]
0x00004780	0x00000030	[  4] -[Xbox360Controller x]
0x000047B0	0x00000030	[  4] -[Xbox360Controller y]
0x000047E0	0x00000030	[  4] -[Xbox360Controller leftShoulder]
0x00004810	0x00000030	[  4] -[Xbox360Controller rightShoulder]
0x00004840	0x00000030	[  4] -[Xbox360Controller leftStick]
0x00004870	0x00000030	[  4] -[Xbox360Controller rightStick]
0x000048A0	0x00000030	[  4] -[Xbox360Controller start]
0x000048D0	0x00000030	[  4] -[Xbox360Controller back]
0x00004900	0x00000030	[  4] -[Xbox360Controller home]
0x00004930	0x00000030	[  4] -[Xbox360Controller up]
0x00004960	0x00000030	[  4] -[Xbox360Controller down]
0x00004990	0x00000030	[  4] -[Xbox360Controller left]
0x000049C0	0x00000030	[  4] -[Xbox360Controller right]
0x000049F0	0x00000050	[  4] -[Xbox360Controller delegate]
0x00004A40	0x00000070	[  4] -[Xbox360Controller setDelegate:]
0x00004AB0	0x00000030	[  4] -[Xbox360Controller invertX]
0x00004AE0	0x00000030	[  4] -[Xbox360Controller setInvertX:]
0x00004B10	0x00000030	[  4] -[Xbox360Controller invertY]
0x00004B40	0x00000026	[  4] -[Xbox360Controller setInvertY:]
0x00004B70	0x00000030	[  5] +[Xbox360ControllerManager sharedInstance]
0x00004BA0	0x00000090	[  5] +[Xbox360ControllerManager initialize]
0x00004C30	0x000002F0	[  5] -[Xbox360ControllerManager init]
0x00004F20	0x00000080	[  5] _callbackHandleDevice
0x00004FA0	0x00000070	[  5] -[Xbox360ControllerManager dealloc]
0x00005010	0x00000260	[  5] -[Xbox360ControllerManager controllerWithHid:]
0x00005270	0x00000040	[  5] -[Xbox360ControllerManager controllerCount]
0x000052B0	0x000000A0	[  5] -[Xbox360ControllerManager getController:]
0x00005350	0x00000720	[  5] -[Xbox360ControllerManager updateControllers]
0x00005A70	0x00000080	[  5] _GetDeviceValue
0x00005AF0	0x00000170	[  5] _SanitiseName
0x00005C60	0x00000231	[  5] -[Xbox360ControllerManager setAllDelegates:]
0x00005EA0	0x00000240	[  6] __IwBindAPI
0x000060E0	0x00000022	[  6] __IwAppEntry
0x00006110	0x00000020	[  7] ___eglBindAPI
0x00006130	0x00000020	[  7] ___eglBindTexImage
0x00006150	0x00000020	[  7] ___eglChooseConfig
0x00006170	0x00000020	[  7] ___eglCopyBuffers
0x00006190	0x00000020	[  7] ___eglCreateContext
0x000061B0	0x00000020	[  7] ___eglCreatePbufferFromClientBuffer
0x000061D0	0x00000020	[  7] ___eglCreatePbufferSurface
0x000061F0	0x00000020	[  7] ___eglCreatePixmapSurface
0x00006210	0x00000020	[  7] ___eglCreateWindowSurface
0x00006230	0x00000020	[  7] ___eglDestroyContext
0x00006250	0x00000020	[  7] ___eglDestroySurface
0x00006270	0x00000020	[  7] ___eglGetConfigAttrib
0x00006290	0x00000020	[  7] ___eglGetConfigs
0x000062B0	0x00000020	[  7] ___eglGetCurrentContext
0x000062D0	0x00000020	[  7] ___eglGetCurrentDisplay
0x000062F0	0x00000020	[  7] ___eglGetCurrentSurface
0x00006310	0x00000020	[  7] ___eglGetDisplay
0x00006330	0x00000020	[  7] ___eglGetError
0x00006350	0x00000020	[  7] ___eglGetProcAddress
0x00006370	0x00000020	[  7] ___eglInitialize
0x00006390	0x00000020	[  7] ___eglMakeCurrent
0x000063B0	0x00000020	[  7] ___eglQueryAPI
0x000063D0	0x00000020	[  7] ___eglQueryContext
0x000063F0	0x00000020	[  7] ___eglQueryString
0x00006410	0x00000020	[  7] ___eglQuerySurface
0x00006430	0x00000020	[  7] ___eglReleaseTexImage
0x00006450	0x00000020	[  7] ___eglReleaseThread
0x00006470	0x00000020	[  7] ___eglSurfaceAttrib
0x00006490	0x00000020	[  7] ___eglSwapBuffers
0x000064B0	0x00000020	[  7] ___eglSwapInterval
0x000064D0	0x00000020	[  7] ___eglTerminate
0x000064F0	0x00000020	[  7] ___eglWaitClient
0x00006510	0x00000020	[  7] ___eglWaitGL
0x00006530	0x00000020	[  7] ___eglWaitNative
0x00006550	0x00000020	[  7] ___glActiveTexture
0x00006570	0x00000020	[  7] ___glAlphaFunc
0x00006590	0x00000020	[  7] ___glAlphaFuncx
0x000065B0	0x00000020	[  7] ___glAttachShader
0x000065D0	0x00000020	[  7] ___glBindAttribLocation
0x000065F0	0x00000020	[  7] ___glBindBuffer
0x00006610	0x00000020	[  7] ___glBindFramebuffer
0x00006630	0x00000020	[  7] ___glBindRenderbuffer
0x00006650	0x00000020	[  7] ___glBindTexture
0x00006670	0x00000020	[  7] ___glBlendColor
0x00006690	0x00000020	[  7] ___glBlendEquation
0x000066B0	0x00000020	[  7] ___glBlendEquationSeparate
0x000066D0	0x00000020	[  7] ___glBlendFunc
0x000066F0	0x00000020	[  7] ___glBlendFuncSeparate
0x00006710	0x00000020	[  7] ___glBufferData
0x00006730	0x00000020	[  7] ___glBufferSubData
0x00006750	0x00000020	[  7] ___glCheckFramebufferStatus
0x00006770	0x00000020	[  7] ___glClear
0x00006790	0x00000020	[  7] ___glClearColor
0x000067B0	0x00000020	[  7] ___glClearColorx
0x000067D0	0x00000020	[  7] ___glClearDepthf
0x000067F0	0x00000020	[  7] ___glClearDepthx
0x00006810	0x00000020	[  7] ___glClearStencil
0x00006830	0x00000020	[  7] ___glClientActiveTexture
0x00006850	0x00000020	[  7] ___glClipPlanef
0x00006870	0x00000020	[  7] ___glClipPlanex
0x00006890	0x00000020	[  7] ___glColor4f
0x000068B0	0x00000020	[  7] ___glColor4ub
0x000068D0	0x00000020	[  7] ___glColor4x
0x000068F0	0x00000020	[  7] ___glColorMask
0x00006910	0x00000020	[  7] ___glColorPointer
0x00006930	0x00000020	[  7] ___glCompileShader
0x00006950	0x00000020	[  7] ___glCompressedTexImage2D
0x00006970	0x00000020	[  7] ___glCompressedTexSubImage2D
0x00006990	0x00000020	[  7] ___glCopyTexImage2D
0x000069B0	0x00000020	[  7] ___glCopyTexSubImage2D
0x000069D0	0x00000020	[  7] ___glCreateProgram
0x000069F0	0x00000020	[  7] ___glCreateShader
0x00006A10	0x00000020	[  7] ___glCullFace
0x00006A30	0x00000020	[  7] ___glCurrentPaletteMatrixOES
0x00006A50	0x00000020	[  7] ___glDeleteBuffers
0x00006A70	0x00000020	[  7] ___glDeleteFramebuffers
0x00006A90	0x00000020	[  7] ___glDeleteProgram
0x00006AB0	0x00000020	[  7] ___glDeleteRenderbuffers
0x00006AD0	0x00000020	[  7] ___glDeleteShader
0x00006AF0	0x00000020	[  7] ___glDeleteTextures
0x00006B10	0x00000020	[  7] ___glDepthFunc
0x00006B30	0x00000020	[  7] ___glDepthMask
0x00006B50	0x00000020	[  7] ___glDepthRangef
0x00006B70	0x00000020	[  7] ___glDepthRangex
0x00006B90	0x00000020	[  7] ___glDetachShader
0x00006BB0	0x00000020	[  7] ___glDisable
0x00006BD0	0x00000020	[  7] ___glDisableClientState
0x00006BF0	0x00000020	[  7] ___glDisableVertexAttribArray
0x00006C10	0x00000020	[  7] ___glDrawArrays
0x00006C30	0x00000020	[  7] ___glDrawElements
0x00006C50	0x00000020	[  7] ___glEnable
0x00006C70	0x00000020	[  7] ___glEnableClientState
0x00006C90	0x00000020	[  7] ___glEnableVertexAttribArray
0x00006CB0	0x00000020	[  7] ___glFinish
0x00006CD0	0x00000020	[  7] ___glFlush
0x00006CF0	0x00000020	[  7] ___glFogf
0x00006D10	0x00000020	[  7] ___glFogfv
0x00006D30	0x00000020	[  7] ___glFogx
0x00006D50	0x00000020	[  7] ___glFogxv
0x00006D70	0x00000020	[  7] ___glFramebufferRenderbuffer
0x00006D90	0x00000020	[  7] ___glFramebufferTexture2D
0x00006DB0	0x00000020	[  7] ___glFrontFace
0x00006DD0	0x00000020	[  7] ___glFrustumf
0x00006DF0	0x00000020	[  7] ___glFrustumx
0x00006E10	0x00000020	[  7] ___glGenBuffers
0x00006E30	0x00000020	[  7] ___glGenFramebuffers
0x00006E50	0x00000020	[  7] ___glGenRenderbuffers
0x00006E70	0x00000020	[  7] ___glGenTextures
0x00006E90	0x00000020	[  7] ___glGenerateMipmap
0x00006EB0	0x00000020	[  7] ___glGetActiveAttrib
0x00006ED0	0x00000020	[  7] ___glGetActiveUniform
0x00006EF0	0x00000020	[  7] ___glGetAttachedShaders
0x00006F10	0x00000020	[  7] ___glGetAttribLocation
0x00006F30	0x00000020	[  7] ___glGetBooleanv
0x00006F50	0x00000020	[  7] ___glGetBufferParameteriv
0x00006F70	0x00000020	[  7] ___glGetClipPlanef
0x00006F90	0x00000020	[  7] ___glGetClipPlanex
0x00006FB0	0x00000020	[  7] ___glGetError
0x00006FD0	0x00000020	[  7] ___glGetFixedv
0x00006FF0	0x00000020	[  7] ___glGetFloatv
0x00007010	0x00000020	[  7] ___glGetFramebufferAttachmentParameteriv
0x00007030	0x00000020	[  7] ___glGetIntegerv
0x00007050	0x00000020	[  7] ___glGetLightfv
0x00007070	0x00000020	[  7] ___glGetLightxv
0x00007090	0x00000020	[  7] ___glGetMaterialfv
0x000070B0	0x00000020	[  7] ___glGetMaterialxv
0x000070D0	0x00000020	[  7] ___glGetPointerv
0x000070F0	0x00000020	[  7] ___glGetProgramInfoLog
0x00007110	0x00000020	[  7] ___glGetProgramiv
0x00007130	0x00000020	[  7] ___glGetRenderbufferParameteriv
0x00007150	0x00000020	[  7] ___glGetShaderInfoLog
0x00007170	0x00000020	[  7] ___glGetShaderPrecisionFormat
0x00007190	0x00000020	[  7] ___glGetShaderSource
0x000071B0	0x00000020	[  7] ___glGetShaderiv
0x000071D0	0x00000020	[  7] ___glGetString
0x000071F0	0x00000020	[  7] ___glGetTexEnvfv
0x00007210	0x00000020	[  7] ___glGetTexEnviv
0x00007230	0x00000020	[  7] ___glGetTexEnvxv
0x00007250	0x00000020	[  7] ___glGetTexParameterfv
0x00007270	0x00000020	[  7] ___glGetTexParameteriv
0x00007290	0x00000020	[  7] ___glGetTexParameterxv
0x000072B0	0x00000020	[  7] ___glGetUniformLocation
0x000072D0	0x00000020	[  7] ___glGetUniformfv
0x000072F0	0x00000020	[  7] ___glGetUniformiv
0x00007310	0x00000020	[  7] ___glGetVertexAttribPointerv
0x00007330	0x00000020	[  7] ___glGetVertexAttribfv
0x00007350	0x00000020	[  7] ___glGetVertexAttribiv
0x00007370	0x00000020	[  7] ___glHint
0x00007390	0x00000030	[  7] ___glIsBuffer
0x000073C0	0x00000030	[  7] ___glIsEnabled
0x000073F0	0x00000030	[  7] ___glIsFramebuffer
0x00007420	0x00000030	[  7] ___glIsProgram
0x00007450	0x00000030	[  7] ___glIsRenderbuffer
0x00007480	0x00000030	[  7] ___glIsShader
0x000074B0	0x00000030	[  7] ___glIsTexture
0x000074E0	0x00000020	[  7] ___glLightModelf
0x00007500	0x00000020	[  7] ___glLightModelfv
0x00007520	0x00000020	[  7] ___glLightModelx
0x00007540	0x00000020	[  7] ___glLightModelxv
0x00007560	0x00000020	[  7] ___glLightf
0x00007580	0x00000020	[  7] ___glLightfv
0x000075A0	0x00000020	[  7] ___glLightx
0x000075C0	0x00000020	[  7] ___glLightxv
0x000075E0	0x00000020	[  7] ___glLineWidth
0x00007600	0x00000020	[  7] ___glLineWidthx
0x00007620	0x00000020	[  7] ___glLinkProgram
0x00007640	0x00000020	[  7] ___glLoadIdentity
0x00007660	0x00000020	[  7] ___glLoadMatrixf
0x00007680	0x00000020	[  7] ___glLoadMatrixx
0x000076A0	0x00000020	[  7] ___glLogicOp
0x000076C0	0x00000020	[  7] ___glMaterialf
0x000076E0	0x00000020	[  7] ___glMaterialfv
0x00007700	0x00000020	[  7] ___glMaterialx
0x00007720	0x00000020	[  7] ___glMaterialxv
0x00007740	0x00000020	[  7] ___glMatrixIndexPointerOES
0x00007760	0x00000020	[  7] ___glMatrixMode
0x00007780	0x00000020	[  7] ___glMultMatrixf
0x000077A0	0x00000020	[  7] ___glMultMatrixx
0x000077C0	0x00000020	[  7] ___glMultiTexCoord4f
0x000077E0	0x00000020	[  7] ___glMultiTexCoord4x
0x00007800	0x00000020	[  7] ___glNormal3f
0x00007820	0x00000020	[  7] ___glNormal3x
0x00007840	0x00000020	[  7] ___glNormalPointer
0x00007860	0x00000020	[  7] ___glOrthof
0x00007880	0x00000020	[  7] ___glOrthox
0x000078A0	0x00000020	[  7] ___glPixelStorei
0x000078C0	0x00000020	[  7] ___glPointParameterf
0x000078E0	0x00000020	[  7] ___glPointParameterfv
0x00007900	0x00000020	[  7] ___glPointParameterx
0x00007920	0x00000020	[  7] ___glPointParameterxv
0x00007940	0x00000020	[  7] ___glPointSize
0x00007960	0x00000020	[  7] ___glPointSizePointerOES
0x00007980	0x00000020	[  7] ___glPointSizex
0x000079A0	0x00000020	[  7] ___glPolygonOffset
0x000079C0	0x00000020	[  7] ___glPolygonOffsetx
0x000079E0	0x00000020	[  7] ___glPopMatrix
0x00007A00	0x00000020	[  7] ___glPushMatrix
0x00007A20	0x00000020	[  7] ___glReadPixels
0x00007A40	0x00000020	[  7] ___glReleaseShaderCompiler
0x00007A60	0x00000020	[  7] ___glRenderbufferStorage
0x00007A80	0x00000020	[  7] ___glRotatef
0x00007AA0	0x00000020	[  7] ___glRotatex
0x00007AC0	0x00000020	[  7] ___glSampleCoverage
0x00007AE0	0x00000020	[  7] ___glSampleCoveragex
0x00007B00	0x00000020	[  7] ___glScalef
0x00007B20	0x00000020	[  7] ___glScalex
0x00007B40	0x00000020	[  7] ___glScissor
0x00007B60	0x00000020	[  7] ___glShadeModel
0x00007B80	0x00000020	[  7] ___glShaderBinary
0x00007BA0	0x00000020	[  7] ___glShaderSource
0x00007BC0	0x00000020	[  7] ___glStencilFunc
0x00007BE0	0x00000020	[  7] ___glStencilFuncSeparate
0x00007C00	0x00000020	[  7] ___glStencilMask
0x00007C20	0x00000020	[  7] ___glStencilMaskSeparate
0x00007C40	0x00000020	[  7] ___glStencilOp
0x00007C60	0x00000020	[  7] ___glStencilOpSeparate
0x00007C80	0x00000020	[  7] ___glTexCoordPointer
0x00007CA0	0x00000020	[  7] ___glTexEnvf
0x00007CC0	0x00000020	[  7] ___glTexEnvfv
0x00007CE0	0x00000020	[  7] ___glTexEnvi
0x00007D00	0x00000020	[  7] ___glTexEnviv
0x00007D20	0x00000020	[  7] ___glTexEnvx
0x00007D40	0x00000020	[  7] ___glTexEnvxv
0x00007D60	0x00000020	[  7] ___glTexImage2D
0x00007D80	0x00000020	[  7] ___glTexParameterf
0x00007DA0	0x00000020	[  7] ___glTexParameterfv
0x00007DC0	0x00000020	[  7] ___glTexParameteri
0x00007DE0	0x00000020	[  7] ___glTexParameteriv
0x00007E00	0x00000020	[  7] ___glTexParameterx
0x00007E20	0x00000020	[  7] ___glTexParameterxv
0x00007E40	0x00000020	[  7] ___glTexSubImage2D
0x00007E60	0x00000020	[  7] ___glTranslatef
0x00007E80	0x00000020	[  7] ___glTranslatex
0x00007EA0	0x00000020	[  7] ___glUniform1f
0x00007EC0	0x00000020	[  7] ___glUniform1fv
0x00007EE0	0x00000020	[  7] ___glUniform1i
0x00007F00	0x00000020	[  7] ___glUniform1iv
0x00007F20	0x00000020	[  7] ___glUniform2f
0x00007F40	0x00000020	[  7] ___glUniform2fv
0x00007F60	0x00000020	[  7] ___glUniform2i
0x00007F80	0x00000020	[  7] ___glUniform2iv
0x00007FA0	0x00000020	[  7] ___glUniform3f
0x00007FC0	0x00000020	[  7] ___glUniform3fv
0x00007FE0	0x00000020	[  7] ___glUniform3i
0x00008000	0x00000020	[  7] ___glUniform3iv
0x00008020	0x00000020	[  7] ___glUniform4f
0x00008040	0x00000020	[  7] ___glUniform4fv
0x00008060	0x00000020	[  7] ___glUniform4i
0x00008080	0x00000020	[  7] ___glUniform4iv
0x000080A0	0x00000020	[  7] ___glUniformMatrix2fv
0x000080C0	0x00000020	[  7] ___glUniformMatrix3fv
0x000080E0	0x00000020	[  7] ___glUniformMatrix4fv
0x00008100	0x00000020	[  7] ___glUseProgram
0x00008120	0x00000020	[  7] ___glValidateProgram
0x00008140	0x00000020	[  7] ___glVertexAttrib1f
0x00008160	0x00000020	[  7] ___glVertexAttrib1fv
0x00008180	0x00000020	[  7] ___glVertexAttrib2f
0x000081A0	0x00000020	[  7] ___glVertexAttrib2fv
0x000081C0	0x00000020	[  7] ___glVertexAttrib3f
0x000081E0	0x00000020	[  7] ___glVertexAttrib3fv
0x00008200	0x00000020	[  7] ___glVertexAttrib4f
0x00008220	0x00000020	[  7] ___glVertexAttrib4fv
0x00008240	0x00000020	[  7] ___glVertexAttribPointer
0x00008260	0x00000020	[  7] ___glVertexPointer
0x00008280	0x00000020	[  7] ___glViewport
0x000082A0	0x00000020	[  7] ___glWeightPointerOES
0x000082C0	0x00000020	[  7] ___s3eAccelerometerGetError
0x000082E0	0x00000020	[  7] ___s3eAccelerometerGetErrorString
0x00008300	0x00000020	[  7] ___s3eAccelerometerGetInt
0x00008320	0x00000020	[  7] ___s3eAccelerometerGetX
0x00008340	0x00000020	[  7] ___s3eAccelerometerGetY
0x00008360	0x00000020	[  7] ___s3eAccelerometerGetZ
0x00008380	0x00000020	[  7] ___s3eAccelerometerStart
0x000083A0	0x00000020	[  7] ___s3eAccelerometerStop
0x000083C0	0x00000020	[  7] ___s3eAudioGetError
0x000083E0	0x00000020	[  7] ___s3eAudioGetErrorString
0x00008400	0x00000020	[  7] ___s3eAudioGetInt
0x00008420	0x00000030	[  7] ___s3eAudioIsCodecSupported
0x00008450	0x00000020	[  7] ___s3eAudioIsPlaying
0x00008470	0x00000020	[  7] ___s3eAudioPause
0x00008490	0x00000020	[  7] ___s3eAudioPlay
0x000084B0	0x00000020	[  7] ___s3eAudioPlayFromBuffer
0x000084D0	0x00000020	[  7] ___s3eAudioRegister
0x000084F0	0x00000020	[  7] ___s3eAudioResume
0x00008510	0x00000020	[  7] ___s3eAudioSetInt
0x00008530	0x00000020	[  7] ___s3eAudioStop
0x00008550	0x00000020	[  7] ___s3eAudioUnRegister
0x00008570	0x00000020	[  7] ___s3eCompressionDecomp
0x00008590	0x00000020	[  7] ___s3eCompressionDecompFinal
0x000085B0	0x00000020	[  7] ___s3eCompressionDecompInit
0x000085D0	0x00000020	[  7] ___s3eCompressionDecompRead
0x000085F0	0x00000020	[  7] ___s3eCompressionGetError
0x00008610	0x00000020	[  7] ___s3eCompressionGetErrorString
0x00008630	0x00000020	[  7] ___s3eConfigGetError
0x00008650	0x00000020	[  7] ___s3eConfigGetErrorString
0x00008670	0x00000020	[  7] ___s3eConfigGetInt
0x00008690	0x00000020	[  7] ___s3eConfigGetIntHash
0x000086B0	0x00000020	[  7] ___s3eConfigGetString
0x000086D0	0x00000020	[  7] ___s3eConfigGetStringHash
0x000086F0	0x00000020	[  7] ___s3eCryptoGetError
0x00008710	0x00000020	[  7] ___s3eCryptoGetErrorString
0x00008730	0x00000020	[  7] ___s3eCryptoRand
0x00008750	0x00000020	[  7] ___s3eCryptoSha1
0x00008770	0x00000020	[  7] ___s3eCryptoSha1Final
0x00008790	0x00000020	[  7] ___s3eCryptoSha1Init
0x000087B0	0x00000020	[  7] ___s3eCryptoSha1Update
0x000087D0	0x00000020	[  7] ___s3eCryptoVerifyRsa
0x000087F0	0x00000020	[  7] ___s3eDebugAssertShow
0x00008810	0x00000020	[  7] ___s3eDebugErrorShow
0x00008830	0x00000020	[  7] ___s3eDebugGetError
0x00008850	0x00000020	[  7] ___s3eDebugGetErrorString
0x00008870	0x00000020	[  7] ___s3eDebugGetInt
0x00008890	0x00000020	[  7] ___s3eDebugIsDebuggerPresent
0x000088B0	0x00000020	[  7] ___s3eDebugOutputString
0x000088D0	0x00000020	[  7] ___s3eDebugPrint
0x000088F0	0x00000020	[  7] ___s3eDebugRegister
0x00008910	0x00000020	[  7] ___s3eDebugSetInt
0x00008930	0x00000030	[  7] ___s3eDebugTraceChannelSwitch
0x00008960	0x00000020	[  7] ___s3eDebugTraceClearFile
0x00008980	0x00000020	[  7] ___s3eDebugTraceFlush
0x000089A0	0x00000020	[  7] ___s3eDebugTraceLine
0x000089C0	0x00000020	[  7] ___s3eDebugUnRegister
0x000089E0	0x00000020	[  7] ___s3eDeviceBacklightOn
0x00008A00	0x00000020	[  7] ___s3eDeviceCheckPauseRequest
0x00008A20	0x00000020	[  7] ___s3eDeviceCheckQuitRequest
0x00008A40	0x00000020	[  7] ___s3eDeviceExecPushNext
0x00008A60	0x00000020	[  7] ___s3eDeviceExit
0x00008A80	0x00000020	[  7] ___s3eDeviceGetError
0x00008AA0	0x00000020	[  7] ___s3eDeviceGetErrorString
0x00008AC0	0x00000020	[  7] ___s3eDeviceGetInt
0x00008AE0	0x00000020	[  7] ___s3eDeviceGetString
0x00008B00	0x00000020	[  7] ___s3eDeviceLoaderCallDone
0x00008B20	0x00000020	[  7] ___s3eDeviceLoaderCallStart
0x00008B40	0x00000020	[  7] ___s3eDeviceNetworkCheckStart
0x00008B60	0x00000020	[  7] ___s3eDeviceNetworkCheckStop
0x00008B80	0x00000020	[  7] ___s3eDeviceRegister
0x00008BA0	0x00000020	[  7] ___s3eDeviceRequestQuit
0x00008BC0	0x00000020	[  7] ___s3eDeviceSetInt
0x00008BE0	0x00000020	[  7] ___s3eDeviceUnRegister
0x00008C00	0x00000020	[  7] ___s3eDeviceUnYield
0x00008C20	0x00000020	[  7] ___s3eDeviceYield
0x00008C40	0x00000020	[  7] ___s3eDeviceYieldUntilEvent
0x00008C60	0x00000020	[  7] ___s3eExtGet
0x00008C80	0x00000020	[  7] ___s3eExtGetError
0x00008CA0	0x00000020	[  7] ___s3eExtGetErrorString
0x00008CC0	0x00000020	[  7] ___s3eExtGetHash
0x00008CE0	0x00000020	[  7] ___s3eFileAddUserFileSys
0x00008D00	0x00000030	[  7] ___s3eFileCheckExists
0x00008D30	0x00000020	[  7] ___s3eFileClose
0x00008D50	0x00000020	[  7] ___s3eFileDelete
0x00008D70	0x00000020	[  7] ___s3eFileDeleteDirectory
0x00008D90	0x00000030	[  7] ___s3eFileEOF
0x00008DC0	0x00000020	[  7] ___s3eFileFlush
0x00008DE0	0x00000020	[  7] ___s3eFileGetChar
0x00008E00	0x00000020	[  7] ___s3eFileGetError
0x00008E20	0x00000020	[  7] ___s3eFileGetErrorString
0x00008E40	0x00000020	[  7] ___s3eFileGetFileInt
0x00008E60	0x00000020	[  7] ___s3eFileGetFileString
0x00008E80	0x00000020	[  7] ___s3eFileGetFree
0x00008EA0	0x00000020	[  7] ___s3eFileGetInt
0x00008EC0	0x00000020	[  7] ___s3eFileGetLastWriteTime
0x00008EE0	0x00000020	[  7] ___s3eFileGetSize
0x00008F00	0x00000020	[  7] ___s3eFileListClose
0x00008F20	0x00000020	[  7] ___s3eFileListDirectory
0x00008F40	0x00000020	[  7] ___s3eFileListNext
0x00008F60	0x00000020	[  7] ___s3eFileMakeDirectory
0x00008F80	0x00000020	[  7] ___s3eFileOpen
0x00008FA0	0x00000020	[  7] ___s3eFileOpenFromMemory
0x00008FC0	0x00000020	[  7] ___s3eFilePutChar
0x00008FE0	0x00000020	[  7] ___s3eFileRead
0x00009000	0x00000020	[  7] ___s3eFileReadString
0x00009020	0x00000020	[  7] ___s3eFileRemoveUserFileSys
0x00009040	0x00000020	[  7] ___s3eFileRename
0x00009060	0x00000020	[  7] ___s3eFileSeek
0x00009080	0x00000020	[  7] ___s3eFileSetInt
0x000090A0	0x00000020	[  7] ___s3eFileTell
0x000090C0	0x00000020	[  7] ___s3eFileTruncate
0x000090E0	0x00000020	[  7] ___s3eFileWrite
0x00009100	0x00000020	[  7] ___s3eFree
0x00009120	0x00000020	[  7] ___s3eFreeBase
0x00009140	0x00000020	[  7] ___s3eGLGetError
0x00009160	0x00000020	[  7] ___s3eGLGetErrorString
0x00009180	0x00000020	[  7] ___s3eGLGetInt
0x000091A0	0x00000020	[  7] ___s3eGLGetNativeWindow
0x000091C0	0x00000020	[  7] ___s3eGLRegister
0x000091E0	0x00000020	[  7] ___s3eGLUnRegister
0x00009200	0x00000020	[  7] ___s3eGLUnavailable
0x00009220	0x00000020	[  7] ___s3eInetAton
0x00009240	0x00000020	[  7] ___s3eInetHtonl
0x00009260	0x00000030	[  7] ___s3eInetHtons
0x00009290	0x00000020	[  7] ___s3eInetLookup
0x000092B0	0x00000020	[  7] ___s3eInetLookupCancel
0x000092D0	0x00000020	[  7] ___s3eInetNtoa
0x000092F0	0x00000020	[  7] ___s3eInetNtohl
0x00009310	0x00000030	[  7] ___s3eInetNtohs
0x00009340	0x00000020	[  7] ___s3eInetToString
0x00009360	0x00000020	[  7] ___s3eKeyboardAnyKey
0x00009380	0x00000020	[  7] ___s3eKeyboardClearState
0x000093A0	0x00000020	[  7] ___s3eKeyboardGetChar
0x000093C0	0x00000020	[  7] ___s3eKeyboardGetDisplayName
0x000093E0	0x00000020	[  7] ___s3eKeyboardGetError
0x00009400	0x00000020	[  7] ___s3eKeyboardGetErrorString
0x00009420	0x00000020	[  7] ___s3eKeyboardGetInt
0x00009440	0x00000020	[  7] ___s3eKeyboardGetState
0x00009460	0x00000020	[  7] ___s3eKeyboardRegister
0x00009480	0x00000020	[  7] ___s3eKeyboardSetInt
0x000094A0	0x00000020	[  7] ___s3eKeyboardUnRegister
0x000094C0	0x00000020	[  7] ___s3eKeyboardUpdate
0x000094E0	0x00000020	[  7] ___s3eLicenseBuy
0x00009500	0x00000020	[  7] ___s3eLicenseGetError
0x00009520	0x00000020	[  7] ___s3eLicenseGetErrorString
0x00009540	0x00000020	[  7] ___s3eLicenseGetInt
0x00009560	0x00000020	[  7] ___s3eMalloc
0x00009580	0x00000020	[  7] ___s3eMallocBase
0x000095A0	0x00000020	[  7] ___s3eMemoryGetError
0x000095C0	0x00000020	[  7] ___s3eMemoryGetErrorString
0x000095E0	0x00000020	[  7] ___s3eMemoryGetInt
0x00009600	0x00000020	[  7] ___s3eMemoryGetUserMemMgr
0x00009620	0x00000020	[  7] ___s3eMemoryHeapAddress
0x00009640	0x00000020	[  7] ___s3eMemoryHeapCreate
0x00009660	0x00000020	[  7] ___s3eMemoryHeapDestroy
0x00009680	0x00000020	[  7] ___s3eMemorySetInt
0x000096A0	0x00000020	[  7] ___s3eMemorySetUserMemMgr
0x000096C0	0x00000020	[  7] ___s3ePointerGetError
0x000096E0	0x00000020	[  7] ___s3ePointerGetErrorString
0x00009700	0x00000020	[  7] ___s3ePointerGetInt
0x00009720	0x00000020	[  7] ___s3ePointerGetState
0x00009740	0x00000020	[  7] ___s3ePointerGetTouchState
0x00009760	0x00000020	[  7] ___s3ePointerGetTouchX
0x00009780	0x00000020	[  7] ___s3ePointerGetTouchY
0x000097A0	0x00000020	[  7] ___s3ePointerGetX
0x000097C0	0x00000020	[  7] ___s3ePointerGetY
0x000097E0	0x00000020	[  7] ___s3ePointerRegister
0x00009800	0x00000020	[  7] ___s3ePointerSetInt
0x00009820	0x00000020	[  7] ___s3ePointerUnRegister
0x00009840	0x00000020	[  7] ___s3ePointerUpdate
0x00009860	0x00000020	[  7] ___s3eRealloc
0x00009880	0x00000020	[  7] ___s3eReallocBase
0x000098A0	0x00000020	[  7] ___s3eSecureStorageGet
0x000098C0	0x00000020	[  7] ___s3eSecureStorageGetError
0x000098E0	0x00000020	[  7] ___s3eSecureStorageGetErrorString
0x00009900	0x00000020	[  7] ___s3eSecureStoragePut
0x00009920	0x00000020	[  7] ___s3eSocketAccept
0x00009940	0x00000020	[  7] ___s3eSocketBind
0x00009960	0x00000020	[  7] ___s3eSocketClose
0x00009980	0x00000020	[  7] ___s3eSocketConnect
0x000099A0	0x00000020	[  7] ___s3eSocketCreate
0x000099C0	0x00000020	[  7] ___s3eSocketGetError
0x000099E0	0x00000020	[  7] ___s3eSocketGetErrorString
0x00009A00	0x00000020	[  7] ___s3eSocketGetInt
0x00009A20	0x00000020	[  7] ___s3eSocketGetLocalName
0x00009A40	0x00000020	[  7] ___s3eSocketGetPeerName
0x00009A60	0x00000020	[  7] ___s3eSocketGetString
0x00009A80	0x00000020	[  7] ___s3eSocketListen
0x00009AA0	0x00000020	[  7] ___s3eSocketReadable
0x00009AC0	0x00000020	[  7] ___s3eSocketRecv
0x00009AE0	0x00000020	[  7] ___s3eSocketRecvFrom
0x00009B00	0x00000020	[  7] ___s3eSocketSend
0x00009B20	0x00000020	[  7] ___s3eSocketSendTo
0x00009B40	0x00000020	[  7] ___s3eSocketWritable
0x00009B60	0x00000020	[  7] ___s3eSoundChannelGetInt
0x00009B80	0x00000020	[  7] ___s3eSoundChannelPause
0x00009BA0	0x00000020	[  7] ___s3eSoundChannelPlay
0x00009BC0	0x00000020	[  7] ___s3eSoundChannelRegister
0x00009BE0	0x00000020	[  7] ___s3eSoundChannelResume
0x00009C00	0x00000020	[  7] ___s3eSoundChannelSetInt
0x00009C20	0x00000020	[  7] ___s3eSoundChannelStop
0x00009C40	0x00000020	[  7] ___s3eSoundChannelUnRegister
0x00009C60	0x00000020	[  7] ___s3eSoundGetError
0x00009C80	0x00000020	[  7] ___s3eSoundGetErrorString
0x00009CA0	0x00000020	[  7] ___s3eSoundGetFreeChannel
0x00009CC0	0x00000020	[  7] ___s3eSoundGetInt
0x00009CE0	0x00000020	[  7] ___s3eSoundPauseAllChannels
0x00009D00	0x00000020	[  7] ___s3eSoundResumeAllChannels
0x00009D20	0x00000020	[  7] ___s3eSoundSetInt
0x00009D40	0x00000020	[  7] ___s3eSoundStopAllChannels
0x00009D60	0x00000020	[  7] ___s3eSurfaceConvertRGB
0x00009D80	0x00000020	[  7] ___s3eSurfaceGetError
0x00009DA0	0x00000020	[  7] ___s3eSurfaceGetErrorString
0x00009DC0	0x00000020	[  7] ___s3eSurfaceGetInt
0x00009DE0	0x00000020	[  7] ___s3eSurfaceInvalidate
0x00009E00	0x00000020	[  7] ___s3eSurfacePtr
0x00009E20	0x00000020	[  7] ___s3eSurfaceRegister
0x00009E40	0x00000020	[  7] ___s3eSurfaceSetDisplayID
0x00009E60	0x00000020	[  7] ___s3eSurfaceSetInt
0x00009E80	0x00000020	[  7] ___s3eSurfaceSetup
0x00009EA0	0x00000020	[  7] ___s3eSurfaceShow
0x00009EC0	0x00000020	[  7] ___s3eSurfaceUnRegister
0x00009EE0	0x00000020	[  7] ___s3eTimerCancelTimer
0x00009F00	0x00000020	[  7] ___s3eTimerGetError
0x00009F20	0x00000020	[  7] ___s3eTimerGetErrorString
0x00009F40	0x00000020	[  7] ___s3eTimerGetInt
0x00009F60	0x00000020	[  7] ___s3eTimerGetLocaltimeOffset
0x00009F80	0x00000020	[  7] ___s3eTimerGetMs
0x00009FA0	0x00000020	[  7] ___s3eTimerGetUST
0x00009FC0	0x00000020	[  7] ___s3eTimerGetUTC
0x00009FE0	0x00000020	[  7] ___s3eTimerSetTimer
0x0000A000	0x00000020	[  7] ___s3eVibraGetError
0x0000A020	0x00000020	[  7] ___s3eVibraGetErrorString
0x0000A040	0x00000020	[  7] ___s3eVibraGetInt
0x0000A060	0x00000020	[  7] ___s3eVibraSetInt
0x0000A080	0x00000020	[  7] ___s3eVibraStop
0x0000A0A0	0x00000020	[  7] ___s3eVibraVibrate
0x0000A0C0	0x00000020	[  7] ___s3eVideoGetError
0x0000A0E0	0x00000020	[  7] ___s3eVideoGetErrorString
0x0000A100	0x00000020	[  7] ___s3eVideoGetInt
0x0000A120	0x00000030	[  7] ___s3eVideoIsCodecSupported
0x0000A150	0x00000020	[  7] ___s3eVideoIsPlaying
0x0000A170	0x00000020	[  7] ___s3eVideoPause
0x0000A190	0x00000020	[  7] ___s3eVideoPlay
0x0000A1B0	0x00000020	[  7] ___s3eVideoPlayFromBuffer
0x0000A1D0	0x00000020	[  7] ___s3eVideoRegister
0x0000A1F0	0x00000020	[  7] ___s3eVideoResume
0x0000A210	0x00000020	[  7] ___s3eVideoSetInt
0x0000A230	0x00000020	[  7] ___s3eVideoStop
0x0000A250	0x00000020	[  7] ___s3eVideoUnRegister
0x0000A270	0x00000020	[  7] ___s3eEdkCallbacksEnqueue
0x0000A290	0x00000020	[  7] ___s3eEdkCallbacksIsRegistered
0x0000A2B0	0x00000020	[  7] ___s3eEdkCallbacksRegister
0x0000A2D0	0x00000020	[  7] ___s3eEdkCallbacksRegisterInternal
0x0000A2F0	0x00000020	[  7] ___s3eEdkCallbacksRegisterSpecific
0x0000A310	0x00000020	[  7] ___s3eEdkCallbacksUnRegister
0x0000A330	0x00000020	[  7] ___s3eEdkCallbacksUnRegisterDevice
0x0000A350	0x00000020	[  7] ___s3eEdkErrorGet
0x0000A370	0x00000020	[  7] ___s3eEdkErrorGetString
0x0000A390	0x00000020	[  7] ___s3eEdkErrorSet
0x0000A3B0	0x00000020	[  7] ___s3eEdkErrorSetStringV
0x0000A3D0	0x00000020	[  7] ___s3eEdkFreeOS
0x0000A3F0	0x00000020	[  7] ___s3eEdkGetAppVersionMajor
0x0000A410	0x00000020	[  7] ___s3eEdkGetAppVersionMinor
0x0000A430	0x00000020	[  7] ___s3eEdkGlobalsGet
0x0000A450	0x00000020	[  7] ___s3eEdkIsInitialised
0x0000A470	0x00000020	[  7] ___s3eEdkLibraryClose
0x0000A490	0x00000020	[  7] ___s3eEdkLibraryError
0x0000A4B0	0x00000020	[  7] ___s3eEdkLibraryGetSymbol
0x0000A4D0	0x00000020	[  7] ___s3eEdkLibraryOpen
0x0000A4F0	0x00000020	[  7] ___s3eEdkMallocOS
0x0000A510	0x00000020	[  7] ___s3eEdkReallocOS
0x0000A530	0x00000020	[  7] ___s3eEdkRegister
0x0000A550	0x00000020	[  7] ___s3eEdkThreadRunOnOSAsyncV
0x0000A570	0x00000020	[  7] ___s3eEdkThreadRunOnOSV
0x0000A590	0x00000020	[  7] ___s3eEdkThreadSetResumed
0x0000A5B0	0x00000020	[  7] ___s3eEdkThreadSetSuspended
0x0000A5D0	0x00000018	[  7] ___s3eEdkThreadSleep
0x0000A5F0	0x00000020	[  7] _eglBindAPI
0x0000A610	0x00000020	[  7] _eglBindTexImage
0x0000A630	0x00000020	[  7] _eglChooseConfig
0x0000A650	0x00000020	[  7] _eglCopyBuffers
0x0000A670	0x00000020	[  7] _eglCreateContext
0x0000A690	0x00000020	[  7] _eglCreatePbufferFromClientBuffer
0x0000A6B0	0x00000020	[  7] _eglCreatePbufferSurface
0x0000A6D0	0x00000020	[  7] _eglCreatePixmapSurface
0x0000A6F0	0x00000020	[  7] _eglCreateWindowSurface
0x0000A710	0x00000020	[  7] _eglDestroyContext
0x0000A730	0x00000020	[  7] _eglDestroySurface
0x0000A750	0x00000020	[  7] _eglGetConfigAttrib
0x0000A770	0x00000020	[  7] _eglGetConfigs
0x0000A790	0x00000020	[  7] _eglGetCurrentContext
0x0000A7B0	0x00000020	[  7] _eglGetCurrentDisplay
0x0000A7D0	0x00000020	[  7] _eglGetCurrentSurface
0x0000A7F0	0x00000020	[  7] _eglGetDisplay
0x0000A810	0x00000020	[  7] _eglGetError
0x0000A830	0x00000020	[  7] _eglGetProcAddress
0x0000A850	0x00000020	[  7] _eglInitialize
0x0000A870	0x00000020	[  7] _eglMakeCurrent
0x0000A890	0x00000020	[  7] _eglQueryAPI
0x0000A8B0	0x00000020	[  7] _eglQueryContext
0x0000A8D0	0x00000020	[  7] _eglQueryString
0x0000A8F0	0x00000020	[  7] _eglQuerySurface
0x0000A910	0x00000020	[  7] _eglReleaseTexImage
0x0000A930	0x00000020	[  7] _eglReleaseThread
0x0000A950	0x00000020	[  7] _eglSurfaceAttrib
0x0000A970	0x00000020	[  7] _eglSwapBuffers
0x0000A990	0x00000020	[  7] _eglSwapInterval
0x0000A9B0	0x00000020	[  7] _eglTerminate
0x0000A9D0	0x00000020	[  7] _eglWaitClient
0x0000A9F0	0x00000020	[  7] _eglWaitGL
0x0000AA10	0x00000020	[  7] _eglWaitNative
0x0000AA30	0x00000020	[  7] _glActiveTexture
0x0000AA50	0x00000020	[  7] _glAlphaFunc
0x0000AA70	0x00000020	[  7] _glAlphaFuncx
0x0000AA90	0x00000020	[  7] _glAttachShader
0x0000AAB0	0x00000020	[  7] _glBindAttribLocation
0x0000AAD0	0x00000020	[  7] _glBindBuffer
0x0000AAF0	0x00000020	[  7] _glBindFramebuffer
0x0000AB10	0x00000020	[  7] _glBindRenderbuffer
0x0000AB30	0x00000020	[  7] _glBindTexture
0x0000AB50	0x00000020	[  7] _glBlendColor
0x0000AB70	0x00000020	[  7] _glBlendEquation
0x0000AB90	0x00000020	[  7] _glBlendEquationSeparate
0x0000ABB0	0x00000020	[  7] _glBlendFunc
0x0000ABD0	0x00000020	[  7] _glBlendFuncSeparate
0x0000ABF0	0x00000020	[  7] _glBufferData
0x0000AC10	0x00000020	[  7] _glBufferSubData
0x0000AC30	0x00000020	[  7] _glCheckFramebufferStatus
0x0000AC50	0x00000020	[  7] _glClear
0x0000AC70	0x00000020	[  7] _glClearColor
0x0000AC90	0x00000020	[  7] _glClearColorx
0x0000ACB0	0x00000020	[  7] _glClearDepthf
0x0000ACD0	0x00000020	[  7] _glClearDepthx
0x0000ACF0	0x00000020	[  7] _glClearStencil
0x0000AD10	0x00000020	[  7] _glClientActiveTexture
0x0000AD30	0x00000020	[  7] _glClipPlanef
0x0000AD50	0x00000020	[  7] _glClipPlanex
0x0000AD70	0x00000020	[  7] _glColor4f
0x0000AD90	0x00000020	[  7] _glColor4ub
0x0000ADB0	0x00000020	[  7] _glColor4x
0x0000ADD0	0x00000020	[  7] _glColorMask
0x0000ADF0	0x00000020	[  7] _glColorPointer
0x0000AE10	0x00000020	[  7] _glCompileShader
0x0000AE30	0x00000020	[  7] _glCompressedTexImage2D
0x0000AE50	0x00000020	[  7] _glCompressedTexSubImage2D
0x0000AE70	0x00000020	[  7] _glCopyTexImage2D
0x0000AE90	0x00000020	[  7] _glCopyTexSubImage2D
0x0000AEB0	0x00000020	[  7] _glCreateProgram
0x0000AED0	0x00000020	[  7] _glCreateShader
0x0000AEF0	0x00000020	[  7] _glCullFace
0x0000AF10	0x00000020	[  7] _glCurrentPaletteMatrixOES
0x0000AF30	0x00000020	[  7] _glDeleteBuffers
0x0000AF50	0x00000020	[  7] _glDeleteFramebuffers
0x0000AF70	0x00000020	[  7] _glDeleteProgram
0x0000AF90	0x00000020	[  7] _glDeleteRenderbuffers
0x0000AFB0	0x00000020	[  7] _glDeleteShader
0x0000AFD0	0x00000020	[  7] _glDeleteTextures
0x0000AFF0	0x00000020	[  7] _glDepthFunc
0x0000B010	0x00000020	[  7] _glDepthMask
0x0000B030	0x00000020	[  7] _glDepthRangef
0x0000B050	0x00000020	[  7] _glDepthRangex
0x0000B070	0x00000020	[  7] _glDetachShader
0x0000B090	0x00000020	[  7] _glDisable
0x0000B0B0	0x00000020	[  7] _glDisableClientState
0x0000B0D0	0x00000020	[  7] _glDisableVertexAttribArray
0x0000B0F0	0x00000020	[  7] _glDrawArrays
0x0000B110	0x00000020	[  7] _glDrawElements
0x0000B130	0x00000020	[  7] _glEnable
0x0000B150	0x00000020	[  7] _glEnableClientState
0x0000B170	0x00000020	[  7] _glEnableVertexAttribArray
0x0000B190	0x00000020	[  7] _glFinish
0x0000B1B0	0x00000020	[  7] _glFlush
0x0000B1D0	0x00000020	[  7] _glFogf
0x0000B1F0	0x00000020	[  7] _glFogfv
0x0000B210	0x00000020	[  7] _glFogx
0x0000B230	0x00000020	[  7] _glFogxv
0x0000B250	0x00000020	[  7] _glFramebufferRenderbuffer
0x0000B270	0x00000020	[  7] _glFramebufferTexture2D
0x0000B290	0x00000020	[  7] _glFrontFace
0x0000B2B0	0x00000020	[  7] _glFrustumf
0x0000B2D0	0x00000020	[  7] _glFrustumx
0x0000B2F0	0x00000020	[  7] _glGenBuffers
0x0000B310	0x00000020	[  7] _glGenFramebuffers
0x0000B330	0x00000020	[  7] _glGenRenderbuffers
0x0000B350	0x00000020	[  7] _glGenTextures
0x0000B370	0x00000020	[  7] _glGenerateMipmap
0x0000B390	0x00000020	[  7] _glGetActiveAttrib
0x0000B3B0	0x00000020	[  7] _glGetActiveUniform
0x0000B3D0	0x00000020	[  7] _glGetAttachedShaders
0x0000B3F0	0x00000020	[  7] _glGetAttribLocation
0x0000B410	0x00000020	[  7] _glGetBooleanv
0x0000B430	0x00000020	[  7] _glGetBufferParameteriv
0x0000B450	0x00000020	[  7] _glGetClipPlanef
0x0000B470	0x00000020	[  7] _glGetClipPlanex
0x0000B490	0x00000020	[  7] _glGetError
0x0000B4B0	0x00000020	[  7] _glGetFixedv
0x0000B4D0	0x00000020	[  7] _glGetFloatv
0x0000B4F0	0x00000020	[  7] _glGetFramebufferAttachmentParameteriv
0x0000B510	0x00000020	[  7] _glGetIntegerv
0x0000B530	0x00000020	[  7] _glGetLightfv
0x0000B550	0x00000020	[  7] _glGetLightxv
0x0000B570	0x00000020	[  7] _glGetMaterialfv
0x0000B590	0x00000020	[  7] _glGetMaterialxv
0x0000B5B0	0x00000020	[  7] _glGetPointerv
0x0000B5D0	0x00000020	[  7] _glGetProgramInfoLog
0x0000B5F0	0x00000020	[  7] _glGetProgramiv
0x0000B610	0x00000020	[  7] _glGetRenderbufferParameteriv
0x0000B630	0x00000020	[  7] _glGetShaderInfoLog
0x0000B650	0x00000020	[  7] _glGetShaderPrecisionFormat
0x0000B670	0x00000020	[  7] _glGetShaderSource
0x0000B690	0x00000020	[  7] _glGetShaderiv
0x0000B6B0	0x00000020	[  7] _glGetString
0x0000B6D0	0x00000020	[  7] _glGetTexEnvfv
0x0000B6F0	0x00000020	[  7] _glGetTexEnviv
0x0000B710	0x00000020	[  7] _glGetTexEnvxv
0x0000B730	0x00000020	[  7] _glGetTexParameterfv
0x0000B750	0x00000020	[  7] _glGetTexParameteriv
0x0000B770	0x00000020	[  7] _glGetTexParameterxv
0x0000B790	0x00000020	[  7] _glGetUniformLocation
0x0000B7B0	0x00000020	[  7] _glGetUniformfv
0x0000B7D0	0x00000020	[  7] _glGetUniformiv
0x0000B7F0	0x00000020	[  7] _glGetVertexAttribPointerv
0x0000B810	0x00000020	[  7] _glGetVertexAttribfv
0x0000B830	0x00000020	[  7] _glGetVertexAttribiv
0x0000B850	0x00000020	[  7] _glHint
0x0000B870	0x00000030	[  7] _glIsBuffer
0x0000B8A0	0x00000030	[  7] _glIsEnabled
0x0000B8D0	0x00000030	[  7] _glIsFramebuffer
0x0000B900	0x00000030	[  7] _glIsProgram
0x0000B930	0x00000030	[  7] _glIsRenderbuffer
0x0000B960	0x00000030	[  7] _glIsShader
0x0000B990	0x00000030	[  7] _glIsTexture
0x0000B9C0	0x00000020	[  7] _glLightModelf
0x0000B9E0	0x00000020	[  7] _glLightModelfv
0x0000BA00	0x00000020	[  7] _glLightModelx
0x0000BA20	0x00000020	[  7] _glLightModelxv
0x0000BA40	0x00000020	[  7] _glLightf
0x0000BA60	0x00000020	[  7] _glLightfv
0x0000BA80	0x00000020	[  7] _glLightx
0x0000BAA0	0x00000020	[  7] _glLightxv
0x0000BAC0	0x00000020	[  7] _glLineWidth
0x0000BAE0	0x00000020	[  7] _glLineWidthx
0x0000BB00	0x00000020	[  7] _glLinkProgram
0x0000BB20	0x00000020	[  7] _glLoadIdentity
0x0000BB40	0x00000020	[  7] _glLoadMatrixf
0x0000BB60	0x00000020	[  7] _glLoadMatrixx
0x0000BB80	0x00000020	[  7] _glLogicOp
0x0000BBA0	0x00000020	[  7] _glMaterialf
0x0000BBC0	0x00000020	[  7] _glMaterialfv
0x0000BBE0	0x00000020	[  7] _glMaterialx
0x0000BC00	0x00000020	[  7] _glMaterialxv
0x0000BC20	0x00000020	[  7] _glMatrixIndexPointerOES
0x0000BC40	0x00000020	[  7] _glMatrixMode
0x0000BC60	0x00000020	[  7] _glMultMatrixf
0x0000BC80	0x00000020	[  7] _glMultMatrixx
0x0000BCA0	0x00000020	[  7] _glMultiTexCoord4f
0x0000BCC0	0x00000020	[  7] _glMultiTexCoord4x
0x0000BCE0	0x00000020	[  7] _glNormal3f
0x0000BD00	0x00000020	[  7] _glNormal3x
0x0000BD20	0x00000020	[  7] _glNormalPointer
0x0000BD40	0x00000020	[  7] _glOrthof
0x0000BD60	0x00000020	[  7] _glOrthox
0x0000BD80	0x00000020	[  7] _glPixelStorei
0x0000BDA0	0x00000020	[  7] _glPointParameterf
0x0000BDC0	0x00000020	[  7] _glPointParameterfv
0x0000BDE0	0x00000020	[  7] _glPointParameterx
0x0000BE00	0x00000020	[  7] _glPointParameterxv
0x0000BE20	0x00000020	[  7] _glPointSize
0x0000BE40	0x00000020	[  7] _glPointSizePointerOES
0x0000BE60	0x00000020	[  7] _glPointSizex
0x0000BE80	0x00000020	[  7] _glPolygonOffset
0x0000BEA0	0x00000020	[  7] _glPolygonOffsetx
0x0000BEC0	0x00000020	[  7] _glPopMatrix
0x0000BEE0	0x00000020	[  7] _glPushMatrix
0x0000BF00	0x00000020	[  7] _glReadPixels
0x0000BF20	0x00000020	[  7] _glReleaseShaderCompiler
0x0000BF40	0x00000020	[  7] _glRenderbufferStorage
0x0000BF60	0x00000020	[  7] _glRotatef
0x0000BF80	0x00000020	[  7] _glRotatex
0x0000BFA0	0x00000020	[  7] _glSampleCoverage
0x0000BFC0	0x00000020	[  7] _glSampleCoveragex
0x0000BFE0	0x00000020	[  7] _glScalef
0x0000C000	0x00000020	[  7] _glScalex
0x0000C020	0x00000020	[  7] _glScissor
0x0000C040	0x00000020	[  7] _glShadeModel
0x0000C060	0x00000020	[  7] _glShaderBinary
0x0000C080	0x00000020	[  7] _glShaderSource
0x0000C0A0	0x00000020	[  7] _glStencilFunc
0x0000C0C0	0x00000020	[  7] _glStencilFuncSeparate
0x0000C0E0	0x00000020	[  7] _glStencilMask
0x0000C100	0x00000020	[  7] _glStencilMaskSeparate
0x0000C120	0x00000020	[  7] _glStencilOp
0x0000C140	0x00000020	[  7] _glStencilOpSeparate
0x0000C160	0x00000020	[  7] _glTexCoordPointer
0x0000C180	0x00000020	[  7] _glTexEnvf
0x0000C1A0	0x00000020	[  7] _glTexEnvfv
0x0000C1C0	0x00000020	[  7] _glTexEnvi
0x0000C1E0	0x00000020	[  7] _glTexEnviv
0x0000C200	0x00000020	[  7] _glTexEnvx
0x0000C220	0x00000020	[  7] _glTexEnvxv
0x0000C240	0x00000020	[  7] _glTexImage2D
0x0000C260	0x00000020	[  7] _glTexParameterf
0x0000C280	0x00000020	[  7] _glTexParameterfv
0x0000C2A0	0x00000020	[  7] _glTexParameteri
0x0000C2C0	0x00000020	[  7] _glTexParameteriv
0x0000C2E0	0x00000020	[  7] _glTexParameterx
0x0000C300	0x00000020	[  7] _glTexParameterxv
0x0000C320	0x00000020	[  7] _glTexSubImage2D
0x0000C340	0x00000020	[  7] _glTranslatef
0x0000C360	0x00000020	[  7] _glTranslatex
0x0000C380	0x00000020	[  7] _glUniform1f
0x0000C3A0	0x00000020	[  7] _glUniform1fv
0x0000C3C0	0x00000020	[  7] _glUniform1i
0x0000C3E0	0x00000020	[  7] _glUniform1iv
0x0000C400	0x00000020	[  7] _glUniform2f
0x0000C420	0x00000020	[  7] _glUniform2fv
0x0000C440	0x00000020	[  7] _glUniform2i
0x0000C460	0x00000020	[  7] _glUniform2iv
0x0000C480	0x00000020	[  7] _glUniform3f
0x0000C4A0	0x00000020	[  7] _glUniform3fv
0x0000C4C0	0x00000020	[  7] _glUniform3i
0x0000C4E0	0x00000020	[  7] _glUniform3iv
0x0000C500	0x00000020	[  7] _glUniform4f
0x0000C520	0x00000020	[  7] _glUniform4fv
0x0000C540	0x00000020	[  7] _glUniform4i
0x0000C560	0x00000020	[  7] _glUniform4iv
0x0000C580	0x00000020	[  7] _glUniformMatrix2fv
0x0000C5A0	0x00000020	[  7] _glUniformMatrix3fv
0x0000C5C0	0x00000020	[  7] _glUniformMatrix4fv
0x0000C5E0	0x00000020	[  7] _glUseProgram
0x0000C600	0x00000020	[  7] _glValidateProgram
0x0000C620	0x00000020	[  7] _glVertexAttrib1f
0x0000C640	0x00000020	[  7] _glVertexAttrib1fv
0x0000C660	0x00000020	[  7] _glVertexAttrib2f
0x0000C680	0x00000020	[  7] _glVertexAttrib2fv
0x0000C6A0	0x00000020	[  7] _glVertexAttrib3f
0x0000C6C0	0x00000020	[  7] _glVertexAttrib3fv
0x0000C6E0	0x00000020	[  7] _glVertexAttrib4f
0x0000C700	0x00000020	[  7] _glVertexAttrib4fv
0x0000C720	0x00000020	[  7] _glVertexAttribPointer
0x0000C740	0x00000020	[  7] _glVertexPointer
0x0000C760	0x00000020	[  7] _glViewport
0x0000C780	0x00000020	[  7] _glWeightPointerOES
0x0000C7A0	0x00000020	[  7] _s3eAccelerometerGetError
0x0000C7C0	0x00000020	[  7] _s3eAccelerometerGetErrorString
0x0000C7E0	0x00000020	[  7] _s3eAccelerometerGetInt
0x0000C800	0x00000020	[  7] _s3eAccelerometerGetX
0x0000C820	0x00000020	[  7] _s3eAccelerometerGetY
0x0000C840	0x00000020	[  7] _s3eAccelerometerGetZ
0x0000C860	0x00000020	[  7] _s3eAccelerometerStart
0x0000C880	0x00000020	[  7] _s3eAccelerometerStop
0x0000C8A0	0x00000020	[  7] _s3eAudioGetError
0x0000C8C0	0x00000020	[  7] _s3eAudioGetErrorString
0x0000C8E0	0x00000020	[  7] _s3eAudioGetInt
0x0000C900	0x00000030	[  7] _s3eAudioIsCodecSupported
0x0000C930	0x00000020	[  7] _s3eAudioIsPlaying
0x0000C950	0x00000020	[  7] _s3eAudioPause
0x0000C970	0x00000020	[  7] _s3eAudioPlay
0x0000C990	0x00000020	[  7] _s3eAudioPlayFromBuffer
0x0000C9B0	0x00000020	[  7] _s3eAudioRegister
0x0000C9D0	0x00000020	[  7] _s3eAudioResume
0x0000C9F0	0x00000020	[  7] _s3eAudioSetInt
0x0000CA10	0x00000020	[  7] _s3eAudioStop
0x0000CA30	0x00000020	[  7] _s3eAudioUnRegister
0x0000CA50	0x00000020	[  7] _s3eCompressionDecomp
0x0000CA70	0x00000020	[  7] _s3eCompressionDecompFinal
0x0000CA90	0x00000020	[  7] _s3eCompressionDecompInit
0x0000CAB0	0x00000020	[  7] _s3eCompressionDecompRead
0x0000CAD0	0x00000020	[  7] _s3eCompressionGetError
0x0000CAF0	0x00000020	[  7] _s3eCompressionGetErrorString
0x0000CB10	0x00000020	[  7] _s3eConfigGetError
0x0000CB30	0x00000020	[  7] _s3eConfigGetErrorString
0x0000CB50	0x00000020	[  7] _s3eConfigGetInt
0x0000CB70	0x00000020	[  7] _s3eConfigGetIntHash
0x0000CB90	0x00000020	[  7] _s3eConfigGetString
0x0000CBB0	0x00000020	[  7] _s3eConfigGetStringHash
0x0000CBD0	0x00000020	[  7] _s3eCryptoGetError
0x0000CBF0	0x00000020	[  7] _s3eCryptoGetErrorString
0x0000CC10	0x00000020	[  7] _s3eCryptoRand
0x0000CC30	0x00000020	[  7] _s3eCryptoSha1
0x0000CC50	0x00000020	[  7] _s3eCryptoSha1Final
0x0000CC70	0x00000020	[  7] _s3eCryptoSha1Init
0x0000CC90	0x00000020	[  7] _s3eCryptoSha1Update
0x0000CCB0	0x00000020	[  7] _s3eCryptoVerifyRsa
0x0000CCD0	0x00000020	[  7] _s3eDebugAssertShow
0x0000CCF0	0x00000020	[  7] _s3eDebugErrorShow
0x0000CD10	0x00000020	[  7] _s3eDebugGetError
0x0000CD30	0x00000020	[  7] _s3eDebugGetErrorString
0x0000CD50	0x00000020	[  7] _s3eDebugGetInt
0x0000CD70	0x00000020	[  7] _s3eDebugIsDebuggerPresent
0x0000CD90	0x00000020	[  7] _s3eDebugOutputString
0x0000CDB0	0x00000020	[  7] _s3eDebugPrint
0x0000CDD0	0x00000020	[  7] _s3eDebugRegister
0x0000CDF0	0x00000020	[  7] _s3eDebugSetInt
0x0000CE10	0x00000030	[  7] _s3eDebugTraceChannelSwitch
0x0000CE40	0x00000020	[  7] _s3eDebugTraceClearFile
0x0000CE60	0x00000020	[  7] _s3eDebugTraceFlush
0x0000CE80	0x00000020	[  7] _s3eDebugTraceLine
0x0000CEA0	0x00000020	[  7] _s3eDebugUnRegister
0x0000CEC0	0x00000020	[  7] _s3eDeviceBacklightOn
0x0000CEE0	0x00000020	[  7] _s3eDeviceCheckPauseRequest
0x0000CF00	0x00000020	[  7] _s3eDeviceCheckQuitRequest
0x0000CF20	0x00000020	[  7] _s3eDeviceExecPushNext
0x0000CF40	0x00000020	[  7] _s3eDeviceExit
0x0000CF60	0x00000020	[  7] _s3eDeviceGetError
0x0000CF80	0x00000020	[  7] _s3eDeviceGetErrorString
0x0000CFA0	0x00000020	[  7] _s3eDeviceGetInt
0x0000CFC0	0x00000020	[  7] _s3eDeviceGetString
0x0000CFE0	0x00000020	[  7] _s3eDeviceLoaderCallDone
0x0000D000	0x00000020	[  7] _s3eDeviceLoaderCallStart
0x0000D020	0x00000020	[  7] _s3eDeviceNetworkCheckStart
0x0000D040	0x00000020	[  7] _s3eDeviceNetworkCheckStop
0x0000D060	0x00000020	[  7] _s3eDeviceRegister
0x0000D080	0x00000020	[  7] _s3eDeviceRequestQuit
0x0000D0A0	0x00000020	[  7] _s3eDeviceSetInt
0x0000D0C0	0x00000020	[  7] _s3eDeviceUnRegister
0x0000D0E0	0x00000020	[  7] _s3eDeviceUnYield
0x0000D100	0x00000020	[  7] _s3eDeviceYield
0x0000D120	0x00000020	[  7] _s3eDeviceYieldUntilEvent
0x0000D140	0x00000020	[  7] _s3eExtGet
0x0000D160	0x00000020	[  7] _s3eExtGetError
0x0000D180	0x00000020	[  7] _s3eExtGetErrorString
0x0000D1A0	0x00000020	[  7] _s3eExtGetHash
0x0000D1C0	0x00000020	[  7] _s3eFileAddUserFileSys
0x0000D1E0	0x00000030	[  7] _s3eFileCheckExists
0x0000D210	0x00000020	[  7] _s3eFileClose
0x0000D230	0x00000020	[  7] _s3eFileDelete
0x0000D250	0x00000020	[  7] _s3eFileDeleteDirectory
0x0000D270	0x00000030	[  7] _s3eFileEOF
0x0000D2A0	0x00000020	[  7] _s3eFileFlush
0x0000D2C0	0x00000020	[  7] _s3eFileGetChar
0x0000D2E0	0x00000020	[  7] _s3eFileGetError
0x0000D300	0x00000020	[  7] _s3eFileGetErrorString
0x0000D320	0x00000020	[  7] _s3eFileGetFileInt
0x0000D340	0x00000020	[  7] _s3eFileGetFileString
0x0000D360	0x00000020	[  7] _s3eFileGetFree
0x0000D380	0x00000020	[  7] _s3eFileGetInt
0x0000D3A0	0x00000020	[  7] _s3eFileGetLastWriteTime
0x0000D3C0	0x00000020	[  7] _s3eFileGetSize
0x0000D3E0	0x00000020	[  7] _s3eFileListClose
0x0000D400	0x00000020	[  7] _s3eFileListDirectory
0x0000D420	0x00000020	[  7] _s3eFileListNext
0x0000D440	0x00000020	[  7] _s3eFileMakeDirectory
0x0000D460	0x00000020	[  7] _s3eFileOpen
0x0000D480	0x00000020	[  7] _s3eFileOpenFromMemory
0x0000D4A0	0x00000020	[  7] _s3eFilePutChar
0x0000D4C0	0x00000020	[  7] _s3eFileRead
0x0000D4E0	0x00000020	[  7] _s3eFileReadString
0x0000D500	0x00000020	[  7] _s3eFileRemoveUserFileSys
0x0000D520	0x00000020	[  7] _s3eFileRename
0x0000D540	0x00000020	[  7] _s3eFileSeek
0x0000D560	0x00000020	[  7] _s3eFileSetInt
0x0000D580	0x00000020	[  7] _s3eFileTell
0x0000D5A0	0x00000020	[  7] _s3eFileTruncate
0x0000D5C0	0x00000020	[  7] _s3eFileWrite
0x0000D5E0	0x00000020	[  7] _s3eFree
0x0000D600	0x00000020	[  7] _s3eFreeBase
0x0000D620	0x00000020	[  7] _s3eGLGetError
0x0000D640	0x00000020	[  7] _s3eGLGetErrorString
0x0000D660	0x00000020	[  7] _s3eGLGetInt
0x0000D680	0x00000020	[  7] _s3eGLGetNativeWindow
0x0000D6A0	0x00000020	[  7] _s3eGLRegister
0x0000D6C0	0x00000020	[  7] _s3eGLUnRegister
0x0000D6E0	0x00000020	[  7] _s3eGLUnavailable
0x0000D700	0x00000020	[  7] _s3eInetAton
0x0000D720	0x00000020	[  7] _s3eInetHtonl
0x0000D740	0x00000030	[  7] _s3eInetHtons
0x0000D770	0x00000020	[  7] _s3eInetLookup
0x0000D790	0x00000020	[  7] _s3eInetLookupCancel
0x0000D7B0	0x00000020	[  7] _s3eInetNtoa
0x0000D7D0	0x00000020	[  7] _s3eInetNtohl
0x0000D7F0	0x00000030	[  7] _s3eInetNtohs
0x0000D820	0x00000020	[  7] _s3eInetToString
0x0000D840	0x00000020	[  7] _s3eKeyboardAnyKey
0x0000D860	0x00000020	[  7] _s3eKeyboardClearState
0x0000D880	0x00000020	[  7] _s3eKeyboardGetChar
0x0000D8A0	0x00000020	[  7] _s3eKeyboardGetDisplayName
0x0000D8C0	0x00000020	[  7] _s3eKeyboardGetError
0x0000D8E0	0x00000020	[  7] _s3eKeyboardGetErrorString
0x0000D900	0x00000020	[  7] _s3eKeyboardGetInt
0x0000D920	0x00000020	[  7] _s3eKeyboardGetState
0x0000D940	0x00000020	[  7] _s3eKeyboardRegister
0x0000D960	0x00000020	[  7] _s3eKeyboardSetInt
0x0000D980	0x00000020	[  7] _s3eKeyboardUnRegister
0x0000D9A0	0x00000020	[  7] _s3eKeyboardUpdate
0x0000D9C0	0x00000020	[  7] _s3eLicenseBuy
0x0000D9E0	0x00000020	[  7] _s3eLicenseGetError
0x0000DA00	0x00000020	[  7] _s3eLicenseGetErrorString
0x0000DA20	0x00000020	[  7] _s3eLicenseGetInt
0x0000DA40	0x00000020	[  7] _s3eMalloc
0x0000DA60	0x00000020	[  7] _s3eMallocBase
0x0000DA80	0x00000020	[  7] _s3eMemoryGetError
0x0000DAA0	0x00000020	[  7] _s3eMemoryGetErrorString
0x0000DAC0	0x00000020	[  7] _s3eMemoryGetInt
0x0000DAE0	0x00000020	[  7] _s3eMemoryGetUserMemMgr
0x0000DB00	0x00000020	[  7] _s3eMemoryHeapAddress
0x0000DB20	0x00000020	[  7] _s3eMemoryHeapCreate
0x0000DB40	0x00000020	[  7] _s3eMemoryHeapDestroy
0x0000DB60	0x00000020	[  7] _s3eMemorySetInt
0x0000DB80	0x00000020	[  7] _s3eMemorySetUserMemMgr
0x0000DBA0	0x00000020	[  7] _s3ePointerGetError
0x0000DBC0	0x00000020	[  7] _s3ePointerGetErrorString
0x0000DBE0	0x00000020	[  7] _s3ePointerGetInt
0x0000DC00	0x00000020	[  7] _s3ePointerGetState
0x0000DC20	0x00000020	[  7] _s3ePointerGetTouchState
0x0000DC40	0x00000020	[  7] _s3ePointerGetTouchX
0x0000DC60	0x00000020	[  7] _s3ePointerGetTouchY
0x0000DC80	0x00000020	[  7] _s3ePointerGetX
0x0000DCA0	0x00000020	[  7] _s3ePointerGetY
0x0000DCC0	0x00000020	[  7] _s3ePointerRegister
0x0000DCE0	0x00000020	[  7] _s3ePointerSetInt
0x0000DD00	0x00000020	[  7] _s3ePointerUnRegister
0x0000DD20	0x00000020	[  7] _s3ePointerUpdate
0x0000DD40	0x00000020	[  7] _s3eRealloc
0x0000DD60	0x00000020	[  7] _s3eReallocBase
0x0000DD80	0x00000020	[  7] _s3eSecureStorageGet
0x0000DDA0	0x00000020	[  7] _s3eSecureStorageGetError
0x0000DDC0	0x00000020	[  7] _s3eSecureStorageGetErrorString
0x0000DDE0	0x00000020	[  7] _s3eSecureStoragePut
0x0000DE00	0x00000020	[  7] _s3eSocketAccept
0x0000DE20	0x00000020	[  7] _s3eSocketBind
0x0000DE40	0x00000020	[  7] _s3eSocketClose
0x0000DE60	0x00000020	[  7] _s3eSocketConnect
0x0000DE80	0x00000020	[  7] _s3eSocketCreate
0x0000DEA0	0x00000020	[  7] _s3eSocketGetError
0x0000DEC0	0x00000020	[  7] _s3eSocketGetErrorString
0x0000DEE0	0x00000020	[  7] _s3eSocketGetInt
0x0000DF00	0x00000020	[  7] _s3eSocketGetLocalName
0x0000DF20	0x00000020	[  7] _s3eSocketGetPeerName
0x0000DF40	0x00000020	[  7] _s3eSocketGetString
0x0000DF60	0x00000020	[  7] _s3eSocketListen
0x0000DF80	0x00000020	[  7] _s3eSocketReadable
0x0000DFA0	0x00000020	[  7] _s3eSocketRecv
0x0000DFC0	0x00000020	[  7] _s3eSocketRecvFrom
0x0000DFE0	0x00000020	[  7] _s3eSocketSend
0x0000E000	0x00000020	[  7] _s3eSocketSendTo
0x0000E020	0x00000020	[  7] _s3eSocketWritable
0x0000E040	0x00000020	[  7] _s3eSoundChannelGetInt
0x0000E060	0x00000020	[  7] _s3eSoundChannelPause
0x0000E080	0x00000020	[  7] _s3eSoundChannelPlay
0x0000E0A0	0x00000020	[  7] _s3eSoundChannelRegister
0x0000E0C0	0x00000020	[  7] _s3eSoundChannelResume
0x0000E0E0	0x00000020	[  7] _s3eSoundChannelSetInt
0x0000E100	0x00000020	[  7] _s3eSoundChannelStop
0x0000E120	0x00000020	[  7] _s3eSoundChannelUnRegister
0x0000E140	0x00000020	[  7] _s3eSoundGetError
0x0000E160	0x00000020	[  7] _s3eSoundGetErrorString
0x0000E180	0x00000020	[  7] _s3eSoundGetFreeChannel
0x0000E1A0	0x00000020	[  7] _s3eSoundGetInt
0x0000E1C0	0x00000020	[  7] _s3eSoundPauseAllChannels
0x0000E1E0	0x00000020	[  7] _s3eSoundResumeAllChannels
0x0000E200	0x00000020	[  7] _s3eSoundSetInt
0x0000E220	0x00000020	[  7] _s3eSoundStopAllChannels
0x0000E240	0x00000020	[  7] _s3eSurfaceConvertRGB
0x0000E260	0x00000020	[  7] _s3eSurfaceGetError
0x0000E280	0x00000020	[  7] _s3eSurfaceGetErrorString
0x0000E2A0	0x00000020	[  7] _s3eSurfaceGetInt
0x0000E2C0	0x00000020	[  7] _s3eSurfaceInvalidate
0x0000E2E0	0x00000020	[  7] _s3eSurfacePtr
0x0000E300	0x00000020	[  7] _s3eSurfaceRegister
0x0000E320	0x00000020	[  7] _s3eSurfaceSetDisplayID
0x0000E340	0x00000020	[  7] _s3eSurfaceSetInt
0x0000E360	0x00000020	[  7] _s3eSurfaceSetup
0x0000E380	0x00000020	[  7] _s3eSurfaceShow
0x0000E3A0	0x00000020	[  7] _s3eSurfaceUnRegister
0x0000E3C0	0x00000020	[  7] _s3eTimerCancelTimer
0x0000E3E0	0x00000020	[  7] _s3eTimerGetError
0x0000E400	0x00000020	[  7] _s3eTimerGetErrorString
0x0000E420	0x00000020	[  7] _s3eTimerGetInt
0x0000E440	0x00000020	[  7] _s3eTimerGetLocaltimeOffset
0x0000E460	0x00000020	[  7] _s3eTimerGetMs
0x0000E480	0x00000020	[  7] _s3eTimerGetUST
0x0000E4A0	0x00000020	[  7] _s3eTimerGetUTC
0x0000E4C0	0x00000020	[  7] _s3eTimerSetTimer
0x0000E4E0	0x00000020	[  7] _s3eVibraGetError
0x0000E500	0x00000020	[  7] _s3eVibraGetErrorString
0x0000E520	0x00000020	[  7] _s3eVibraGetInt
0x0000E540	0x00000020	[  7] _s3eVibraSetInt
0x0000E560	0x00000020	[  7] _s3eVibraStop
0x0000E580	0x00000020	[  7] _s3eVibraVibrate
0x0000E5A0	0x00000020	[  7] _s3eVideoGetError
0x0000E5C0	0x00000020	[  7] _s3eVideoGetErrorString
0x0000E5E0	0x00000020	[  7] _s3eVideoGetInt
0x0000E600	0x00000030	[  7] _s3eVideoIsCodecSupported
0x0000E630	0x00000020	[  7] _s3eVideoIsPlaying
0x0000E650	0x00000020	[  7] _s3eVideoPause
0x0000E670	0x00000020	[  7] _s3eVideoPlay
0x0000E690	0x00000020	[  7] _s3eVideoPlayFromBuffer
0x0000E6B0	0x00000020	[  7] _s3eVideoRegister
0x0000E6D0	0x00000020	[  7] _s3eVideoResume
0x0000E6F0	0x00000020	[  7] _s3eVideoSetInt
0x0000E710	0x00000020	[  7] _s3eVideoStop
0x0000E730	0x00000020	[  7] _s3eVideoUnRegister
0x0000E750	0x00000020	[  7] _s3eEdkCallbacksEnqueue
0x0000E770	0x00000020	[  7] _s3eEdkCallbacksIsRegistered
0x0000E790	0x00000020	[  7] _s3eEdkCallbacksRegister
0x0000E7B0	0x00000020	[  7] _s3eEdkCallbacksRegisterInternal
0x0000E7D0	0x00000020	[  7] _s3eEdkCallbacksRegisterSpecific
0x0000E7F0	0x00000020	[  7] _s3eEdkCallbacksUnRegister
0x0000E810	0x00000020	[  7] _s3eEdkCallbacksUnRegisterDevice
0x0000E830	0x00000020	[  7] _s3eEdkErrorGet
0x0000E850	0x00000020	[  7] _s3eEdkErrorGetString
0x0000E870	0x00000020	[  7] _s3eEdkErrorSet
0x0000E890	0x00000020	[  7] _s3eEdkErrorSetStringV
0x0000E8B0	0x00000020	[  7] _s3eEdkFreeOS
0x0000E8D0	0x00000020	[  7] _s3eEdkGetAppVersionMajor
0x0000E8F0	0x00000020	[  7] _s3eEdkGetAppVersionMinor
0x0000E910	0x00000020	[  7] _s3eEdkGlobalsGet
0x0000E930	0x00000020	[  7] _s3eEdkIsInitialised
0x0000E950	0x00000020	[  7] _s3eEdkLibraryClose
0x0000E970	0x00000020	[  7] _s3eEdkLibraryError
0x0000E990	0x00000020	[  7] _s3eEdkLibraryGetSymbol
0x0000E9B0	0x00000020	[  7] _s3eEdkLibraryOpen
0x0000E9D0	0x00000020	[  7] _s3eEdkMallocOS
0x0000E9F0	0x00000020	[  7] _s3eEdkReallocOS
0x0000EA10	0x00000020	[  7] _s3eEdkRegister
0x0000EA30	0x00000020	[  7] _s3eEdkThreadRunOnOSAsyncV
0x0000EA50	0x00000020	[  7] _s3eEdkThreadRunOnOSV
0x0000EA70	0x00000020	[  7] _s3eEdkThreadSetResumed
0x0000EA90	0x00000020	[  7] _s3eEdkThreadSetSuspended
0x0000EAB0	0x00000018	[  7] _s3eEdkThreadSleep
0x0000EAD0	0x00000012	[  8] __IwMain
0x0000EAE2	0x00000006	[  7] _s3eEdkRegister
0x0000EAE8	0x00000006	[  9] _FFCreateDevice
0x0000EAEE	0x00000006	[  9] _FFDeviceEscape
0x0000EAF4	0x00000006	[  9] _FFReleaseDevice
0x0000EAFA	0x00000006	[ 10] _IOCreatePlugInInterfaceForService
0x0000EB00	0x00000006	[ 10] _IOIteratorNext
0x0000EB06	0x00000006	[ 10] _IOMasterPort
0x0000EB0C	0x00000006	[ 10] _IONotificationPortCreate
0x0000EB12	0x00000006	[ 10] _IONotificationPortDestroy
0x0000EB18	0x00000006	[ 10] _IONotificationPortGetRunLoopSource
0x0000EB1E	0x00000006	[ 10] _IOObjectConformsTo
0x0000EB24	0x00000006	[ 10] _IOObjectGetClass
0x0000EB2A	0x00000006	[ 10] _IOObjectRelease
0x0000EB30	0x00000006	[ 10] _IORegistryEntryCreateCFProperty
0x0000EB36	0x00000006	[ 10] _IORegistryEntrySearchCFProperty
0x0000EB3C	0x00000006	[ 10] _IOServiceAddMatchingNotification
0x0000EB42	0x00000006	[ 10] _IOServiceGetMatchingServices
0x0000EB48	0x00000006	[ 10] _IOServiceMatching
0x0000EB4E	0x00000006	[ 11] _NSLog
0x0000EB54	0x00000006	[ 12] _objc_enumerationMutation
0x0000EB5A	0x00000006	[ 12] _objc_getProperty
0x0000EB60	0x00000006	[ 12] _objc_msgSend
0x0000EB66	0x00000006	[ 12] _objc_msgSendSuper
0x0000EB6C	0x00000006	[ 12] _objc_msgSend_fpret
0x0000EB72	0x00000006	[ 12] _objc_setProperty
0x0000EB78	0x00000006	[ 13] ___stack_chk_fail
0x0000EB7E	0x00000006	[ 13] _bzero
0x0000EB84	0x00000006	[ 13] _mach_port_deallocate
0x0000EB8A	0x00000006	[ 13] _memset
0x0000EB90	0x00000006	[ 13] _strcpy
0x0000EB96	0x00000006	[ 13] _strlen
0x0000EB9C	0x00000006	[ 13] _strncat
0x0000EBA2	0x00000006	[ 14] _CFArrayGetCount
0x0000EBA8	0x00000006	[ 14] _CFArrayGetValueAtIndex
0x0000EBAE	0x00000006	[ 14] _CFDictionaryGetValue
0x0000EBB4	0x00000006	[ 14] _CFGetTypeID
0x0000EBBA	0x00000006	[ 14] _CFNumberGetTypeID
0x0000EBC0	0x00000006	[ 14] _CFNumberGetValue
0x0000EBC6	0x00000006	[ 14] _CFRelease
0x0000EBCC	0x00000006	[ 14] _CFRunLoopAddSource
0x0000EBD2	0x00000006	[ 14] _CFRunLoopContainsSource
0x0000EBD8	0x00000006	[ 14] _CFRunLoopGetCurrent
0x0000EBDE	0x00000006	[ 14] _CFRunLoopRemoveSource
0x0000EBE4	0x00000006	[ 14] _CFRunLoopRunInMode
0x0000EBEA	0x00000006	[ 14] _CFRunLoopSourceInvalidate
0x0000EBF0	0x00000006	[ 14] _CFUUIDGetConstantUUIDWithBytes
0x0000EBF6	0x00000006	[ 14] _CFUUIDGetUUIDBytes
0x0000EBFC	0x0000000C	[  0] helper helper
0x0000EC08	0x0000000A	[  9] _FFCreateDevice
0x0000EC12	0x0000000A	[  9] _FFDeviceEscape
0x0000EC1C	0x0000000A	[  9] _FFReleaseDevice
0x0000EC26	0x0000000A	[ 10] _IOCreatePlugInInterfaceForService
0x0000EC30	0x0000000A	[ 10] _IOIteratorNext
0x0000EC3A	0x0000000A	[ 10] _IOMasterPort
0x0000EC44	0x0000000A	[ 10] _IONotificationPortCreate
0x0000EC4E	0x0000000A	[ 10] _IONotificationPortDestroy
0x0000EC58	0x0000000A	[ 10] _IONotificationPortGetRunLoopSource
0x0000EC62	0x0000000A	[ 10] _IOObjectConformsTo
0x0000EC6C	0x0000000A	[ 10] _IOObjectGetClass
0x0000EC76	0x0000000A	[ 10] _IOObjectRelease
0x0000EC80	0x0000000A	[ 10] _IORegistryEntryCreateCFProperty
0x0000EC8A	0x0000000A	[ 10] _IORegistryEntrySearchCFProperty
0x0000EC94	0x0000000A	[ 10] _IOServiceAddMatchingNotification
0x0000EC9E	0x0000000A	[ 10] _IOServiceGetMatchingServices
0x0000ECA8	0x0000000A	[ 10] _IOServiceMatching
0x0000ECB2	0x0000000A	[ 11] _NSLog
0x0000ECBC	0x0000000A	[ 12] _objc_enumerationMutation
0x0000ECC6	0x0000000A	[ 12] _objc_getProperty
0x0000ECD0	0x0000000A	[ 12] _objc_msgSend
0x0000ECDA	0x0000000A	[ 12] _objc_msgSendSuper
0x0000ECE4	0x0000000A	[ 12] _objc_msgSend_fpret
0x0000ECEE	0x0000000A	[ 12] _objc_setProperty
0x0000ECF8	0x0000000A	[ 13] ___stack_chk_fail
0x0000ED02	0x0000000A	[ 13] _bzero
0x0000ED0C	0x0000000A	[ 13] _mach_port_deallocate
0x0000ED16	0x0000000A	[ 13] _memset
0x0000ED20	0x0000000A	[ 13] _strcpy
0x0000ED2A	0x0000000A	[ 13] _strlen
0x0000ED34	0x0000000A	[ 13] _strncat
0x0000ED3E	0x0000000A	[ 14] _CFArrayGetCount
0x0000ED48	0x0000000A	[ 14] _CFArrayGetValueAtIndex
0x0000ED52	0x0000000A	[ 14] _CFDictionaryGetValue
0x0000ED5C	0x0000000A	[ 14] _CFGetTypeID
0x0000ED66	0x0000000A	[ 14] _CFNumberGetTypeID
0x0000ED70	0x0000000A	[ 14] _CFNumberGetValue
0x0000ED7A	0x0000000A	[ 14] _CFRelease
0x0000ED84	0x0000000A	[ 14] _CFRunLoopAddSource
0x0000ED8E	0x0000000A	[ 14] _CFRunLoopContainsSource
0x0000ED98	0x0000000A	[ 14] _CFRunLoopGetCurrent
0x0000EDA2	0x0000000A	[ 14] _CFRunLoopRemoveSource
0x0000EDAC	0x0000000A	[ 14] _CFRunLoopRunInMode
0x0000EDB6	0x0000000A	[ 14] _CFRunLoopSourceInvalidate
0x0000EDC0	0x0000000A	[ 14] _CFUUIDGetConstantUUIDWithBytes
0x0000EDCA	0x0000000A	[ 14] _CFUUIDGetUUIDBytes
0x0000EDD4	0x00000008	[  2] literal string: GamePad
0x0000EDDC	0x00000019	[  3] literal string: Xbox360ControllerManager
0x0000EDF5	0x0000000B	[  3] literal string: initialize
0x0000EE00	0x0000000F	[  3] literal string: sharedInstance
0x0000EE0F	0x00000010	[  3] literal string: controllerCount
0x0000EE1F	0x0000000F	[  3] literal string: getController:
0x0000EE2E	0x0000000B	[  3] literal string: leftStickX
0x0000EE39	0x0000000B	[  3] literal string: leftStickY
0x0000EE44	0x0000000C	[  3] literal string: rightStickX
0x0000EE50	0x0000000C	[  3] literal string: rightStickY
0x0000EE5C	0x0000000C	[  3] literal string: leftTrigger
0x0000EE68	0x0000000D	[  3] literal string: rightTrigger
0x0000EE75	0x00000002	[  3] literal string: x
0x0000EE77	0x00000002	[  3] literal string: y
0x0000EE79	0x00000002	[  3] literal string: a
0x0000EE7B	0x00000002	[  3] literal string: b
0x0000EE7D	0x00000005	[  3] literal string: left
0x0000EE82	0x00000006	[  3] literal string: right
0x0000EE88	0x00000003	[  3] literal string: up
0x0000EE8B	0x00000005	[  3] literal string: down
0x0000EE90	0x0000000D	[  3] literal string: leftShoulder
0x0000EE9D	0x0000000E	[  3] literal string: rightShoulder
0x0000EEAB	0x00000006	[  3] literal string: start
0x0000EEB1	0x00000005	[  3] literal string: back
0x0000EEB6	0x00000001	[  3] literal string: 
0x0000EEB7	0x00000005	[  4] literal string: init
0x0000EEBC	0x00000008	[  4] literal string: release
0x0000EEC4	0x0000000C	[  4] literal string: startDevice
0x0000EED0	0x0000000B	[  4] literal string: stopDevice
0x0000EEDB	0x00000008	[  4] literal string: dealloc
0x0000EEE3	0x00000013	[  4] literal string: triggerLeftPressed
0x0000EEF6	0x00000014	[  4] literal string: triggerLeftReleased
0x0000EF0A	0x00000025	[  4] literal string: buttonDelegateMethod:Released:State:
0x0000EF2F	0x00000014	[  4] literal string: triggerRightPressed
0x0000EF43	0x00000015	[  4] literal string: triggerRightReleased
0x0000EF58	0x00000014	[  4] literal string: respondsToSelector:
0x0000EF6C	0x00000011	[  4] literal string: performSelector:
0x0000EF7D	0x0000000F	[  4] literal string: buttonAPressed
0x0000EF8C	0x00000010	[  4] literal string: buttonAReleased
0x0000EF9C	0x0000000F	[  4] literal string: buttonBPressed
0x0000EFAB	0x00000010	[  4] literal string: buttonBReleased
0x0000EFBB	0x0000000F	[  4] literal string: buttonXPressed
0x0000EFCA	0x00000010	[  4] literal string: buttonXReleased
0x0000EFDA	0x0000000F	[  4] literal string: buttonYPressed
0x0000EFE9	0x00000010	[  4] literal string: buttonYReleased
0x0000EFF9	0x0000001A	[  4] literal string: buttonLeftShoulderPressed
0x0000F013	0x0000001B	[  4] literal string: buttonLeftShoulderReleased
0x0000F02E	0x0000001B	[  4] literal string: buttonRightShoulderPressed
0x0000F049	0x0000001C	[  4] literal string: buttonRightShoulderReleased
0x0000F065	0x00000017	[  4] literal string: buttonLeftStickPressed
0x0000F07C	0x00000018	[  4] literal string: buttonLeftStickReleased
0x0000F094	0x00000018	[  4] literal string: buttonRightStickPressed
0x0000F0AC	0x00000019	[  4] literal string: buttonRightStickReleased
0x0000F0C5	0x00000013	[  4] literal string: buttonStartPressed
0x0000F0D8	0x00000014	[  4] literal string: buttonStartReleased
0x0000F0EC	0x00000012	[  4] literal string: buttonBackPressed
0x0000F0FE	0x00000013	[  4] literal string: buttonBackReleased
0x0000F111	0x00000012	[  4] literal string: buttonHomePressed
0x0000F123	0x00000013	[  4] literal string: buttonHomeReleased
0x0000F136	0x00000010	[  4] literal string: buttonUpPressed
0x0000F146	0x00000011	[  4] literal string: buttonUpReleased
0x0000F157	0x00000012	[  4] literal string: buttonDownPressed
0x0000F169	0x00000013	[  4] literal string: buttonDownReleased
0x0000F17C	0x00000012	[  4] literal string: buttonLeftPressed
0x0000F18E	0x00000013	[  4] literal string: buttonLeftReleased
0x0000F1A1	0x00000013	[  4] literal string: buttonRightPressed
0x0000F1B4	0x00000014	[  4] literal string: buttonRightReleased
0x0000F1C8	0x00000016	[  4] literal string: axisChanged:newValue:
0x0000F1DE	0x00000018	[  4] literal string: buttonChanged:newValue:
0x0000F1F6	0x0000000E	[  4] literal string: ElementCookie
0x0000F204	0x00000006	[  4] literal string: Usage
0x0000F20A	0x0000000A	[  4] literal string: UsagePage
0x0000F214	0x00000012	[  4] literal string: Can't open device
0x0000F226	0x00000019	[  4] literal string: Unable to allocate queue
0x0000F23F	0x0000001B	[  4] literal string: Unable to create the queue
0x0000F25A	0x00000024	[  4] literal string: Unable to create async event source
0x0000F27E	0x0000001D	[  4] literal string: Unable to set event callback
0x0000F29B	0x0000001F	[  4] literal string: Unable to start queue - 0x%.8x
0x0000F2BA	0x00000012	[  4] literal string: setMotorOverride:
0x0000F2CC	0x00000016	[  4] literal string: runMotorsLarge:Small:
0x0000F2E2	0x00000012	[  4] literal string: WirelessHIDDevice
0x0000F2F4	0x0000000D	[  4] literal string: BatteryLevel
0x0000F301	0x00000017	[  4] literal string: controllerDisconnected
0x0000F318	0x00000013	[  4] literal string: initWithHidDevice:
0x0000F32B	0x0000000A	[  4] literal string: @12@0:4I8
0x0000F335	0x00000007	[  4] literal string: v8@0:4
0x0000F33C	0x0000000D	[  4] literal string: v16@0:4C8C12
0x0000F349	0x0000000A	[  4] literal string: v12@0:4c8
0x0000F353	0x0000000D	[  4] literal string: v16@0:4i8i12
0x0000F360	0x00000010	[  4] literal string: v20@0:4:8:12c16
0x0000F370	0x0000001C	[  4] literal string: eventQueueFired:withResult:
0x0000F38C	0x0000000E	[  4] literal string: v16@0:4^v8i12
0x0000F39A	0x00000007	[  4] literal string: f8@0:4
0x0000F3A1	0x00000013	[  4] literal string: deviceIsAccessible
0x0000F3B4	0x00000007	[  4] literal string: c8@0:4
0x0000F3BB	0x0000000B	[  4] literal string: disconnect
0x0000F3C6	0x00000006	[  4] literal string: myHid
0x0000F3CC	0x00000007	[  4] literal string: I8@0:4
0x0000F3D3	0x0000000A	[  4] literal string: leftStick
0x0000F3DD	0x0000000B	[  4] literal string: rightStick
0x0000F3E8	0x00000005	[  4] literal string: home
0x0000F3ED	0x00000009	[  4] literal string: delegate
0x0000F3F6	0x00000007	[  4] literal string: @8@0:4
0x0000F3FD	0x0000000D	[  4] literal string: setDelegate:
0x0000F40A	0x0000000A	[  4] literal string: v12@0:4@8
0x0000F414	0x00000008	[  4] literal string: invertX
0x0000F41C	0x0000000C	[  4] literal string: setInvertX:
0x0000F428	0x00000008	[  4] literal string: invertY
0x0000F430	0x0000000C	[  4] literal string: setInvertY:
0x0000F43C	0x00000009	[  4] literal string: NSObject
0x0000F445	0x00000012	[  4] literal string: Xbox360Controller
0x0000F457	0x00000005	[  4] literal string: axis
0x0000F45C	0x00000006	[  4] literal string: [6^v]
0x0000F462	0x00000008	[  4] literal string: buttons
0x0000F46A	0x00000007	[  4] literal string: [15^v]
0x0000F471	0x00000007	[  4] literal string: device
0x0000F478	0x0000001C	[  4] literal string: ^^{IOHIDDeviceInterface122}
0x0000F494	0x00000009	[  4] literal string: hidQueue
0x0000F49D	0x00000018	[  4] literal string: ^^{IOHIDQueueInterface}
0x0000F4B5	0x00000009	[  4] literal string: ffDevice
0x0000F4BE	0x00000006	[  4] literal string: ^{?=}
0x0000F4C4	0x0000000E	[  4] literal string: registryEntry
0x0000F4D2	0x00000002	[  4] literal string: I
0x0000F4D4	0x0000000B	[  4] literal string: notifyPort
0x0000F4DF	0x00000017	[  4] literal string: ^{IONotificationPort=}
0x0000F4F6	0x00000010	[  4] literal string: onIteratorWired
0x0000F506	0x00000011	[  4] literal string: offIteratorWired
0x0000F517	0x00000013	[  4] literal string: onIteratorWireless
0x0000F52A	0x00000014	[  4] literal string: offIteratorWireless
0x0000F53E	0x0000000B	[  4] literal string: masterPort
0x0000F549	0x0000000B	[  4] literal string: largeMotor
0x0000F554	0x00000002	[  4] literal string: i
0x0000F556	0x0000000B	[  4] literal string: smallMotor
0x0000F561	0x0000000D	[  4] literal string: notifySource
0x0000F56E	0x00000016	[  4] literal string: ^{__CFRunLoopSource=}
0x0000F584	0x00000002	[  4] literal string: f
0x0000F586	0x00000002	[  4] literal string: c
0x0000F588	0x00000013	[  4] literal string: leftTriggerPressed
0x0000F59B	0x00000014	[  4] literal string: rightTriggerPressed
0x0000F5AF	0x0000001F	[  4] literal string: @"<Xbox360ControllerDelegate>"
0x0000F5CE	0x00000011	[  4] literal string: Tf,R,VleftStickX
0x0000F5DF	0x00000011	[  4] literal string: Tf,R,VleftStickY
0x0000F5F0	0x00000012	[  4] literal string: Tf,R,VrightStickX
0x0000F602	0x00000012	[  4] literal string: Tf,R,VrightStickY
0x0000F614	0x00000012	[  4] literal string: Tf,R,VleftTrigger
0x0000F626	0x00000013	[  4] literal string: Tf,R,VrightTrigger
0x0000F639	0x00000008	[  4] literal string: Tc,R,Va
0x0000F641	0x00000008	[  4] literal string: Tc,R,Vb
0x0000F649	0x00000008	[  4] literal string: Tc,R,Vx
0x0000F651	0x00000008	[  4] literal string: Tc,R,Vy
0x0000F659	0x00000013	[  4] literal string: Tc,R,VleftShoulder
0x0000F66C	0x00000014	[  4] literal string: Tc,R,VrightShoulder
0x0000F680	0x00000010	[  4] literal string: Tc,R,VleftStick
0x0000F690	0x00000011	[  4] literal string: Tc,R,VrightStick
0x0000F6A1	0x0000000C	[  4] literal string: Tc,R,Vstart
0x0000F6AD	0x0000000B	[  4] literal string: Tc,R,Vback
0x0000F6B8	0x0000000B	[  4] literal string: Tc,R,Vhome
0x0000F6C3	0x00000009	[  4] literal string: Tc,R,Vup
0x0000F6CC	0x0000000B	[  4] literal string: Tc,R,Vdown
0x0000F6D7	0x0000000B	[  4] literal string: Tc,R,Vleft
0x0000F6E2	0x0000000C	[  4] literal string: Tc,R,Vright
0x0000F6EE	0x0000002C	[  4] literal string: T@"<Xbox360ControllerDelegate>",&,Vdelegate
0x0000F71A	0x0000000C	[  4] literal string: Tc,VinvertX
0x0000F726	0x0000000C	[  4] literal string: Tc,VinvertY
0x0000F732	0x00000005	[  4] literal string: Tc,R
0x0000F737	0x0000000C	[  4] literal string: TI,R,VmyHid
0x0000F743	0x00000006	[  5] literal string: class
0x0000F749	0x00000004	[  5] literal string: new
0x0000F74D	0x0000000F	[  5] literal string: NSMutableArray
0x0000F75C	0x00000006	[  5] literal string: alloc
0x0000F762	0x00000014	[  5] literal string: IOServiceFirstMatch
0x0000F776	0x0000000C	[  5] literal string: IOUSBDevice
0x0000F782	0x00000013	[  5] literal string: IOServiceTerminate
0x0000F795	0x0000002B	[  5] literal string: countByEnumeratingWithState:objects:count:
0x0000F7C0	0x00000006	[  5] literal string: count
0x0000F7C6	0x0000000F	[  5] literal string: objectAtIndex:
0x0000F7D5	0x0000000C	[  5] literal string: IOHIDDevice
0x0000F7E1	0x00000010	[  5] literal string: ControllerClass
0x0000F7F1	0x00000017	[  5] literal string: Xbox360ControllerClass
0x0000F808	0x00000009	[  5] literal string: idVendor
0x0000F811	0x00000009	[  5] literal string: intValue
0x0000F81A	0x0000000A	[  5] literal string: idProduct
0x0000F824	0x00000009	[  5] literal string: NSNumber
0x0000F82D	0x00000017	[  5] literal string: numberWithUnsignedInt:
0x0000F844	0x00000011	[  5] literal string: USB Product Name
0x0000F855	0x00000009	[  5] literal string: NSString
0x0000F85E	0x00000012	[  5] literal string: Unknown_%.4x_%.4x
0x0000F870	0x00000012	[  5] literal string: stringWithFormat:
0x0000F882	0x00000013	[  5] literal string: controllerWithHid:
0x0000F895	0x0000000B	[  5] literal string: addObject:
0x0000F8A0	0x0000000F	[  5] literal string: indexOfObject:
0x0000F8AF	0x00000015	[  5] literal string: NSNotificationCenter
0x0000F8C4	0x0000000E	[  5] literal string: defaultCenter
0x0000F8D2	0x0000002C	[  5] literal string: Xbox360ControllerManager_ControllersUpdated
0x0000F8FE	0x0000001D	[  5] literal string: postNotificationName:object:
0x0000F91B	0x00000007	[  5] literal string: i8@0:4
0x0000F922	0x0000000A	[  5] literal string: @12@0:4i8
0x0000F92C	0x00000012	[  5] literal string: updateControllers
0x0000F93E	0x00000011	[  5] literal string: setAllDelegates:
0x0000F94F	0x0000000C	[  5] literal string: controllers
0x0000F95B	0x00000012	[  5] literal string: @"NSMutableArray"
0x0000F96D	0x00000008	[  5] literal string: myTimer
0x0000F975	0x0000000B	[  5] literal string: @"NSTimer"
0x0000F980	0x00000005	[  5] literal string: Ti,R
0x0000F985	0x00000010	[  5] literal string: NSMutableString
0x0000F995	0x00000014	[  5] literal string: stringWithCapacity:
0x0000F9A9	0x00000007	[  5] literal string: length
0x0000F9B0	0x00000012	[  5] literal string: characterAtIndex:
0x0000F9C2	0x00000003	[  5] literal string: %C
0x0000F9C5	0x0000000E	[  5] literal string: appendFormat:
0x0000F9D3	0x0000000A	[  5] literal string: IOService
0x0000F9DD	0x0000000C	[  5] literal string: autorelease
0x0000F9E9	0x0000000B	[  6] literal string: eglBindAPI
0x0000F9F4	0x00000010	[  6] literal string: eglBindTexImage
0x0000FA04	0x00000010	[  6] literal string: eglChooseConfig
0x0000FA14	0x0000000F	[  6] literal string: eglCopyBuffers
0x0000FA23	0x00000011	[  6] literal string: eglCreateContext
0x0000FA34	0x00000021	[  6] literal string: eglCreatePbufferFromClientBuffer
0x0000FA55	0x00000018	[  6] literal string: eglCreatePbufferSurface
0x0000FA6D	0x00000017	[  6] literal string: eglCreatePixmapSurface
0x0000FA84	0x00000017	[  6] literal string: eglCreateWindowSurface
0x0000FA9B	0x00000012	[  6] literal string: eglDestroyContext
0x0000FAAD	0x00000012	[  6] literal string: eglDestroySurface
0x0000FABF	0x00000013	[  6] literal string: eglGetConfigAttrib
0x0000FAD2	0x0000000E	[  6] literal string: eglGetConfigs
0x0000FAE0	0x00000015	[  6] literal string: eglGetCurrentContext
0x0000FAF5	0x00000015	[  6] literal string: eglGetCurrentDisplay
0x0000FB0A	0x00000015	[  6] literal string: eglGetCurrentSurface
0x0000FB1F	0x0000000E	[  6] literal string: eglGetDisplay
0x0000FB2D	0x0000000C	[  6] literal string: eglGetError
0x0000FB39	0x00000012	[  6] literal string: eglGetProcAddress
0x0000FB4B	0x0000000E	[  6] literal string: eglInitialize
0x0000FB59	0x0000000F	[  6] literal string: eglMakeCurrent
0x0000FB68	0x0000000C	[  6] literal string: eglQueryAPI
0x0000FB74	0x00000010	[  6] literal string: eglQueryContext
0x0000FB84	0x0000000F	[  6] literal string: eglQueryString
0x0000FB93	0x00000010	[  6] literal string: eglQuerySurface
0x0000FBA3	0x00000013	[  6] literal string: eglReleaseTexImage
0x0000FBB6	0x00000011	[  6] literal string: eglReleaseThread
0x0000FBC7	0x00000011	[  6] literal string: eglSurfaceAttrib
0x0000FBD8	0x0000000F	[  6] literal string: eglSwapBuffers
0x0000FBE7	0x00000010	[  6] literal string: eglSwapInterval
0x0000FBF7	0x0000000D	[  6] literal string: eglTerminate
0x0000FC04	0x0000000E	[  6] literal string: eglWaitClient
0x0000FC12	0x0000000A	[  6] literal string: eglWaitGL
0x0000FC1C	0x0000000E	[  6] literal string: eglWaitNative
0x0000FC2A	0x00000010	[  6] literal string: glActiveTexture
0x0000FC3A	0x0000000C	[  6] literal string: glAlphaFunc
[...]
0x0001151D	0x00000014	[  6] literal string: s3eMemoryHeapCreate
0x00011531	0x00000015	[  6] literal string: s3eMemoryHeapDestroy
0x00011546	0x00000010	[  6] literal string: s3eMemorySetInt
0x00011556	0x00000017	[  6] literal string: s3eMemorySetUserMemMgr
0x0001156D	0x00000013	[  6] literal string: s3ePointerGetError
0x00011580	0x00000019	[  6] literal string: s3ePointerGetErrorString
0x00011599	0x00000011	[  6] literal string: s3ePointerGetInt
0x000115AA	0x00000013	[  6] literal string: s3ePointerGetState
0x000115BD	0x00000018	[  6] literal string: s3ePointerGetTouchState
0x000115D5	0x00000014	[  6] literal string: s3ePointerGetTouchX
0x000115E9	0x00000014	[  6] literal string: s3ePointerGetTouchY
0x000115FD	0x0000000F	[  6] literal string: s3ePointerGetX
0x0001160C	0x0000000F	[  6] literal string: s3ePointerGetY
0x0001161B	0x00000013	[  6] literal string: s3ePointerRegister
0x0001162E	0x00000011	[  6] literal string: s3ePointerSetInt
0x0001163F	0x00000015	[  6] literal string: s3ePointerUnRegister
0x00011654	0x00000011	[  6] literal string: s3ePointerUpdate
0x00011665	0x0000000B	[  6] literal string: s3eRealloc
0x00011670	0x0000000F	[  6] literal string: s3eReallocBase
0x0001167F	0x00000014	[  6] literal string: s3eSecureStorageGet
0x00011693	0x00000019	[  6] literal string: s3eSecureStorageGetError
0x000116AC	0x0000001F	[  6] literal string: s3eSecureStorageGetErrorString
0x000116CB	0x00000014	[  6] literal string: s3eSecureStoragePut
0x000116DF	0x00000010	[  6] literal string: s3eSocketAccept
0x000116EF	0x0000000E	[  6] literal string: s3eSocketBind
0x000116FD	0x0000000F	[  6] literal string: s3eSocketClose
0x0001170C	0x00000011	[  6] literal string: s3eSocketConnect
0x0001171D	0x00000010	[  6] literal string: s3eSocketCreate
0x0001172D	0x00000012	[  6] literal string: s3eSocketGetError
0x0001173F	0x00000018	[  6] literal string: s3eSocketGetErrorString
0x00011757	0x00000010	[  6] literal string: s3eSocketGetInt
0x00011767	0x00000016	[  6] literal string: s3eSocketGetLocalName
0x0001177D	0x00000015	[  6] literal string: s3eSocketGetPeerName
0x00011792	0x00000013	[  6] literal string: s3eSocketGetString
0x000117A5	0x00000010	[  6] literal string: s3eSocketListen
0x000117B5	0x00000012	[  6] literal string: s3eSocketReadable
0x000117C7	0x0000000E	[  6] literal string: s3eSocketRecv
0x000117D5	0x00000012	[  6] literal string: s3eSocketRecvFrom
0x000117E7	0x0000000E	[  6] literal string: s3eSocketSend
0x000117F5	0x00000010	[  6] literal string: s3eSocketSendTo
0x00011805	0x00000012	[  6] literal string: s3eSocketWritable
0x00011817	0x00000016	[  6] literal string: s3eSoundChannelGetInt
0x0001182D	0x00000015	[  6] literal string: s3eSoundChannelPause
0x00011842	0x00000014	[  6] literal string: s3eSoundChannelPlay
0x00011856	0x00000018	[  6] literal string: s3eSoundChannelRegister
0x0001186E	0x00000016	[  6] literal string: s3eSoundChannelResume
0x00011884	0x00000016	[  6] literal string: s3eSoundChannelSetInt
0x0001189A	0x00000014	[  6] literal string: s3eSoundChannelStop
0x000118AE	0x0000001A	[  6] literal string: s3eSoundChannelUnRegister
0x000118C8	0x00000011	[  6] literal string: s3eSoundGetError
0x000118D9	0x00000017	[  6] literal string: s3eSoundGetErrorString
0x000118F0	0x00000017	[  6] literal string: s3eSoundGetFreeChannel
0x00011907	0x0000000F	[  6] literal string: s3eSoundGetInt
0x00011916	0x00000019	[  6] literal string: s3eSoundPauseAllChannels
0x0001192F	0x0000001A	[  6] literal string: s3eSoundResumeAllChannels
0x00011949	0x0000000F	[  6] literal string: s3eSoundSetInt
0x00011958	0x00000018	[  6] literal string: s3eSoundStopAllChannels
0x00011970	0x00000015	[  6] literal string: s3eSurfaceConvertRGB
0x00011985	0x00000013	[  6] literal string: s3eSurfaceGetError
0x00011998	0x00000019	[  6] literal string: s3eSurfaceGetErrorString
0x000119B1	0x00000011	[  6] literal string: s3eSurfaceGetInt
0x000119C2	0x00000015	[  6] literal string: s3eSurfaceInvalidate
0x000119D7	0x0000000E	[  6] literal string: s3eSurfacePtr
0x000119E5	0x00000013	[  6] literal string: s3eSurfaceRegister
0x000119F8	0x00000017	[  6] literal string: s3eSurfaceSetDisplayID
0x00011A0F	0x00000011	[  6] literal string: s3eSurfaceSetInt
0x00011A20	0x00000010	[  6] literal string: s3eSurfaceSetup
0x00011A30	0x0000000F	[  6] literal string: s3eSurfaceShow
0x00011A3F	0x00000015	[  6] literal string: s3eSurfaceUnRegister
0x00011A54	0x00000014	[  6] literal string: s3eTimerCancelTimer
0x00011A68	0x00000011	[  6] literal string: s3eTimerGetError
0x00011A79	0x00000017	[  6] literal string: s3eTimerGetErrorString
0x00011A90	0x0000000F	[  6] literal string: s3eTimerGetInt
0x00011A9F	0x0000001B	[  6] literal string: s3eTimerGetLocaltimeOffset
0x00011ABA	0x0000000E	[  6] literal string: s3eTimerGetMs
0x00011AC8	0x0000000F	[  6] literal string: s3eTimerGetUST
0x00011AD7	0x0000000F	[  6] literal string: s3eTimerGetUTC
0x00011AE6	0x00000011	[  6] literal string: s3eTimerSetTimer
0x00011AF7	0x00000011	[  6] literal string: s3eVibraGetError
0x00011B08	0x00000017	[  6] literal string: s3eVibraGetErrorString
0x00011B1F	0x0000000F	[  6] literal string: s3eVibraGetInt
0x00011B2E	0x0000000F	[  6] literal string: s3eVibraSetInt
0x00011B3D	0x0000000D	[  6] literal string: s3eVibraStop
0x00011B4A	0x00000010	[  6] literal string: s3eVibraVibrate
0x00011B5A	0x00000011	[  6] literal string: s3eVideoGetError
0x00011B6B	0x00000017	[  6] literal string: s3eVideoGetErrorString
0x00011B82	0x0000000F	[  6] literal string: s3eVideoGetInt
0x00011B91	0x00000019	[  6] literal string: s3eVideoIsCodecSupported
0x00011BAA	0x00000012	[  6] literal string: s3eVideoIsPlaying
0x00011BBC	0x0000000E	[  6] literal string: s3eVideoPause
0x00011BCA	0x0000000D	[  6] literal string: s3eVideoPlay
0x00011BD7	0x00000017	[  6] literal string: s3eVideoPlayFromBuffer
0x00011BEE	0x00000011	[  6] literal string: s3eVideoRegister
0x00011BFF	0x0000000F	[  6] literal string: s3eVideoResume
0x00011C0E	0x0000000F	[  6] literal string: s3eVideoSetInt
0x00011C1D	0x0000000D	[  6] literal string: s3eVideoStop
0x00011C2A	0x00000013	[  6] literal string: s3eVideoUnRegister
0x00011C3D	0x00000017	[  6] literal string: s3eEdkCallbacksEnqueue
0x00011C54	0x0000001C	[  6] literal string: s3eEdkCallbacksIsRegistered
0x00011C70	0x00000018	[  6] literal string: s3eEdkCallbacksRegister
0x00011C88	0x00000020	[  6] literal string: s3eEdkCallbacksRegisterInternal
0x00011CA8	0x00000020	[  6] literal string: s3eEdkCallbacksRegisterSpecific
0x00011CC8	0x0000001A	[  6] literal string: s3eEdkCallbacksUnRegister
0x00011CE2	0x00000020	[  6] literal string: s3eEdkCallbacksUnRegisterDevice
0x00011D02	0x0000000F	[  6] literal string: s3eEdkErrorGet
0x00011D11	0x00000015	[  6] literal string: s3eEdkErrorGetString
0x00011D26	0x0000000F	[  6] literal string: s3eEdkErrorSet
0x00011D35	0x00000016	[  6] literal string: s3eEdkErrorSetStringV
0x00011D4B	0x0000000D	[  6] literal string: s3eEdkFreeOS
0x00011D58	0x00000019	[  6] literal string: s3eEdkGetAppVersionMajor
0x00011D71	0x00000019	[  6] literal string: s3eEdkGetAppVersionMinor
0x00011D8A	0x00000011	[  6] literal string: s3eEdkGlobalsGet
0x00011D9B	0x00000014	[  6] literal string: s3eEdkIsInitialised
0x00011DAF	0x00000013	[  6] literal string: s3eEdkLibraryClose
0x00011DC2	0x00000013	[  6] literal string: s3eEdkLibraryError
0x00011DD5	0x00000017	[  6] literal string: s3eEdkLibraryGetSymbol
0x00011DEC	0x00000012	[  6] literal string: s3eEdkLibraryOpen
0x00011DFE	0x0000000F	[  6] literal string: s3eEdkMallocOS
0x00011E0D	0x00000010	[  6] literal string: s3eEdkReallocOS
0x00011E1D	0x0000000F	[  6] literal string: s3eEdkRegister
0x00011E2C	0x0000001A	[  6] literal string: s3eEdkThreadRunOnOSAsyncV
0x00011E46	0x00000015	[  6] literal string: s3eEdkThreadRunOnOSV
0x00011E5B	0x00000017	[  6] literal string: s3eEdkThreadSetResumed
0x00011E72	0x00000019	[  6] literal string: s3eEdkThreadSetSuspended
0x00011E8B	0x00000012	[  6] literal string: s3eEdkThreadSleep
0x00011E9D	0x00000014	[  6] literal string: s3eEdkSDLSetWebView
0x00011EB1	0x00000002	[  6] literal string: 

0x00011EB3	0x00000060	[  6] literal string: Warning: Couldn't bind the following functions (not exported by the loader). Crash is likely.:

0x00011F18	0x00000008	[  3] 8-byte-literal
0x00011F20	0x00000008	[  4] 8-byte-literal
0x00011F28	0x000000D0	[  0] compact unwind info
0x00012000	0x00000004	[  0] non-lazy-pointer-to-local: dyld_stub_binder
0x00012004	0x00000004	[  0] non-lazy-pointer
0x00012008	0x00000004	[  2] non-lazy-pointer-to: _GamePad_GetButtonA
0x0001200C	0x00000004	[  2] non-lazy-pointer-to: _GamePad_GetButtonB
0x00012010	0x00000004	[  2] non-lazy-pointer-to: _GamePad_GetButtonDPadDown
0x00012014	0x00000004	[  2] non-lazy-pointer-to: _GamePad_GetButtonDPadLeft
0x00012018	0x00000004	[  2] non-lazy-pointer-to: _GamePad_GetButtonDPadRight
0x0001201C	0x00000004	[  2] non-lazy-pointer-to: _GamePad_GetButtonDPadUp
0x00012020	0x00000004	[  2] non-lazy-pointer-to: _GamePad_GetButtonLShoulderDown
0x00012024	0x00000004	[  2] non-lazy-pointer-to: _GamePad_GetButtonRShoulderDown
0x00012028	0x00000004	[  2] non-lazy-pointer-to: _GamePad_GetButtonSelect
0x0001202C	0x00000004	[  2] non-lazy-pointer-to: _GamePad_GetButtonStart
0x00012030	0x00000004	[  2] non-lazy-pointer-to: _GamePad_GetButtonX
0x00012034	0x00000004	[  2] non-lazy-pointer-to: _GamePad_GetButtonY
0x00012038	0x00000004	[  2] non-lazy-pointer-to: _GamePad_GetLeftTrigger
0x0001203C	0x00000004	[  2] non-lazy-pointer-to: _GamePad_GetRightTrigger
0x00012040	0x00000004	[  2] non-lazy-pointer-to: _GamePad_GetStick1XAxis
0x00012044	0x00000004	[  2] non-lazy-pointer-to: _GamePad_GetStick1YAxis
0x00012048	0x00000004	[  2] non-lazy-pointer-to: _GamePad_GetStick2XAxis
0x0001204C	0x00000004	[  2] non-lazy-pointer-to: _GamePad_GetStick2YAxis
0x00012050	0x00000004	[  2] non-lazy-pointer-to: _GamePad_IsConnected
0x00012054	0x00000004	[  2] non-lazy-pointer-to: _GamePad_Update
0x00012058	0x00000004	[  2] non-lazy-pointer-to: __Z11GamePadInitv
0x0001205C	0x00000004	[  2] non-lazy-pointer-to: __Z16GamePadTerminatev
0x00012060	0x00000004	[  2] non-lazy-pointer-to: ___stack_chk_guard
0x00012064	0x00000004	[  3] non-lazy-pointer-to: _kCFRunLoopDefaultMode
0x00012068	0x00000004	[  4] non-lazy-pointer-to: _kCFRunLoopCommonModes
0x0001206C	0x00000004	[  4] non-lazy-pointer-to: _mach_task_self_
0x00012070	0x00000004	[  5] non-lazy-pointer-to: _kCFAllocatorDefault
0x00012074	0x00000004	[  7] non-lazy-pointer-to: _g_S3E_API
0x00012078	0x00000004	[  7] _s3eEdkRegister
0x0001207C	0x00000004	[  9] _FFCreateDevice
0x00012080	0x00000004	[  9] _FFDeviceEscape
0x00012084	0x00000004	[  9] _FFReleaseDevice
0x00012088	0x00000004	[ 10] _IOCreatePlugInInterfaceForService
0x0001208C	0x00000004	[ 10] _IOIteratorNext
0x00012090	0x00000004	[ 10] _IOMasterPort
0x00012094	0x00000004	[ 10] _IONotificationPortCreate
0x00012098	0x00000004	[ 10] _IONotificationPortDestroy
0x0001209C	0x00000004	[ 10] _IONotificationPortGetRunLoopSource
0x000120A0	0x00000004	[ 10] _IOObjectConformsTo
0x000120A4	0x00000004	[ 10] _IOObjectGetClass
0x000120A8	0x00000004	[ 10] _IOObjectRelease
0x000120AC	0x00000004	[ 10] _IORegistryEntryCreateCFProperty
0x000120B0	0x00000004	[ 10] _IORegistryEntrySearchCFProperty
0x000120B4	0x00000004	[ 10] _IOServiceAddMatchingNotification
0x000120B8	0x00000004	[ 10] _IOServiceGetMatchingServices
0x000120BC	0x00000004	[ 10] _IOServiceMatching
0x000120C0	0x00000004	[ 11] _NSLog
0x000120C4	0x00000004	[ 12] _objc_enumerationMutation
0x000120C8	0x00000004	[ 12] _objc_getProperty
0x000120CC	0x00000004	[ 12] _objc_msgSend
0x000120D0	0x00000004	[ 12] _objc_msgSendSuper
0x000120D4	0x00000004	[ 12] _objc_msgSend_fpret
0x000120D8	0x00000004	[ 12] _objc_setProperty
0x000120DC	0x00000004	[ 13] ___stack_chk_fail
0x000120E0	0x00000004	[ 13] _bzero
0x000120E4	0x00000004	[ 13] _mach_port_deallocate
0x000120E8	0x00000004	[ 13] _memset
0x000120EC	0x00000004	[ 13] _strcpy
0x000120F0	0x00000004	[ 13] _strlen
0x000120F4	0x00000004	[ 13] _strncat
0x000120F8	0x00000004	[ 14] _CFArrayGetCount
0x000120FC	0x00000004	[ 14] _CFArrayGetValueAtIndex
0x00012100	0x00000004	[ 14] _CFDictionaryGetValue
0x00012104	0x00000004	[ 14] _CFGetTypeID
0x00012108	0x00000004	[ 14] _CFNumberGetTypeID
0x0001210C	0x00000004	[ 14] _CFNumberGetValue
0x00012110	0x00000004	[ 14] _CFRelease
0x00012114	0x00000004	[ 14] _CFRunLoopAddSource
0x00012118	0x00000004	[ 14] _CFRunLoopContainsSource
0x0001211C	0x00000004	[ 14] _CFRunLoopGetCurrent
0x00012120	0x00000004	[ 14] _CFRunLoopRemoveSource
0x00012124	0x00000004	[ 14] _CFRunLoopRunInMode
0x00012128	0x00000004	[ 14] _CFRunLoopSourceInvalidate
0x0001212C	0x00000004	[ 14] _CFUUIDGetConstantUUIDWithBytes
0x00012130	0x00000004	[ 14] _CFUUIDGetUUIDBytes
0x00012134	0x00000010	[  4] CFString
0x00012144	0x00000010	[  4] CFString
0x00012154	0x00000010	[  4] CFString
0x00012164	0x00000010	[  4] CFString
0x00012174	0x00000010	[  4] CFString
0x00012184	0x00000010	[  4] CFString
0x00012194	0x00000010	[  4] CFString
0x000121A4	0x00000010	[  4] CFString
0x000121B4	0x00000010	[  4] CFString
0x000121C4	0x00000010	[  4] CFString
0x000121D4	0x00000010	[  5] CFString
0x000121E4	0x00000010	[  5] CFString
0x000121F4	0x00000010	[  5] CFString
0x00012204	0x00000010	[  5] CFString
0x00012214	0x00000010	[  5] CFString
0x00012224	0x00000010	[  5] CFString
0x00012234	0x00002210	[  6] _g_S3E_API
0x00014444	0x00000001	[  6] __IwAppVersionMajor
0x00014445	0x00000001	[  6] __IwAppVersionMinor
0x00014448	0x00000004	[  5] _sharedXbox360ControllerManager
0x0001444C	0x00000300	[  6] __Z9g_Message
0x00015000	0x00000004	[  3] pointer-to-literal-objc-class-name
0x00015004	0x00000004	[  5] pointer-to-literal-objc-class-name
0x00015008	0x00000004	[  5] pointer-to-literal-objc-class-name
0x0001500C	0x00000004	[  5] pointer-to-literal-objc-class-name
0x00015010	0x00000004	[  5] pointer-to-literal-objc-class-name
0x00015014	0x00000004	[  5] pointer-to-literal-objc-class-name
0x00015018	0x00000004	[  5] pointer-to-literal-objc-class-name
0x0001501C	0x00000004	[  3] pointer-to-literal-cstring
0x00015020	0x00000004	[  3] pointer-to-literal-cstring
0x00015024	0x00000004	[  3] pointer-to-literal-cstring
0x00015028	0x00000004	[  3] pointer-to-literal-cstring
0x0001502C	0x00000004	[  3] pointer-to-literal-cstring
0x00015030	0x00000004	[  3] pointer-to-literal-cstring
0x00015034	0x00000004	[  3] pointer-to-literal-cstring
0x00015038	0x00000004	[  3] pointer-to-literal-cstring
0x0001503C	0x00000004	[  3] pointer-to-literal-cstring
0x00015040	0x00000004	[  3] pointer-to-literal-cstring
0x00015044	0x00000004	[  3] pointer-to-literal-cstring
0x00015048	0x00000004	[  3] pointer-to-literal-cstring
0x0001504C	0x00000004	[  3] pointer-to-literal-cstring
0x00015050	0x00000004	[  3] pointer-to-literal-cstring
0x00015054	0x00000004	[  3] pointer-to-literal-cstring
0x00015058	0x00000004	[  3] pointer-to-literal-cstring
0x0001505C	0x00000004	[  3] pointer-to-literal-cstring
0x00015060	0x00000004	[  3] pointer-to-literal-cstring
0x00015064	0x00000004	[  3] pointer-to-literal-cstring
0x00015068	0x00000004	[  3] pointer-to-literal-cstring
0x0001506C	0x00000004	[  3] pointer-to-literal-cstring
0x00015070	0x00000004	[  3] pointer-to-literal-cstring
0x00015074	0x00000004	[  4] pointer-to-literal-cstring
0x00015078	0x00000004	[  4] pointer-to-literal-cstring
0x0001507C	0x00000004	[  4] pointer-to-literal-cstring
0x00015080	0x00000004	[  4] pointer-to-literal-cstring
0x00015084	0x00000004	[  4] pointer-to-literal-cstring
0x00015088	0x00000004	[  4] pointer-to-literal-cstring
0x0001508C	0x00000004	[  4] pointer-to-literal-cstring
0x00015090	0x00000004	[  4] pointer-to-literal-cstring
0x00015094	0x00000004	[  4] pointer-to-literal-cstring
0x00015098	0x00000004	[  4] pointer-to-literal-cstring
0x0001509C	0x00000004	[  4] pointer-to-literal-cstring
0x000150A0	0x00000004	[  4] pointer-to-literal-cstring
0x000150A4	0x00000004	[  4] pointer-to-literal-cstring
0x000150A8	0x00000004	[  4] pointer-to-literal-cstring
0x000150AC	0x00000004	[  4] pointer-to-literal-cstring
0x000150B0	0x00000004	[  4] pointer-to-literal-cstring
0x000150B4	0x00000004	[  4] pointer-to-literal-cstring
0x000150B8	0x00000004	[  4] pointer-to-literal-cstring
0x000150BC	0x00000004	[  4] pointer-to-literal-cstring
0x000150C0	0x00000004	[  4] pointer-to-literal-cstring
0x000150C4	0x00000004	[  4] pointer-to-literal-cstring
0x000150C8	0x00000004	[  4] pointer-to-literal-cstring
0x000150CC	0x00000004	[  4] pointer-to-literal-cstring
0x000150D0	0x00000004	[  4] pointer-to-literal-cstring
0x000150D4	0x00000004	[  4] pointer-to-literal-cstring
0x000150D8	0x00000004	[  4] pointer-to-literal-cstring
0x000150DC	0x00000004	[  4] pointer-to-literal-cstring
0x000150E0	0x00000004	[  4] pointer-to-literal-cstring
0x000150E4	0x00000004	[  4] pointer-to-literal-cstring
0x000150E8	0x00000004	[  4] pointer-to-literal-cstring
0x000150EC	0x00000004	[  4] pointer-to-literal-cstring
0x000150F0	0x00000004	[  4] pointer-to-literal-cstring
0x000150F4	0x00000004	[  4] pointer-to-literal-cstring
0x000150F8	0x00000004	[  4] pointer-to-literal-cstring
0x000150FC	0x00000004	[  4] pointer-to-literal-cstring
0x00015100	0x00000004	[  4] pointer-to-literal-cstring
0x00015104	0x00000004	[  4] pointer-to-literal-cstring
0x00015108	0x00000004	[  4] pointer-to-literal-cstring
0x0001510C	0x00000004	[  4] pointer-to-literal-cstring
0x00015110	0x00000004	[  4] pointer-to-literal-cstring
0x00015114	0x00000004	[  4] pointer-to-literal-cstring
0x00015118	0x00000004	[  4] pointer-to-literal-cstring
0x0001511C	0x00000004	[  4] pointer-to-literal-cstring
0x00015120	0x00000004	[  4] pointer-to-literal-cstring
0x00015124	0x00000004	[  4] pointer-to-literal-cstring
0x00015128	0x00000004	[  4] pointer-to-literal-cstring
0x0001512C	0x00000004	[  4] pointer-to-literal-cstring
0x00015130	0x00000004	[  4] pointer-to-literal-cstring
0x00015134	0x00000004	[  5] pointer-to-literal-cstring
0x00015138	0x00000004	[  5] pointer-to-literal-cstring
0x0001513C	0x00000004	[  5] pointer-to-literal-cstring
0x00015140	0x00000004	[  5] pointer-to-literal-cstring
0x00015144	0x00000004	[  5] pointer-to-literal-cstring
0x00015148	0x00000004	[  5] pointer-to-literal-cstring
0x0001514C	0x00000004	[  5] pointer-to-literal-cstring
0x00015150	0x00000004	[  5] pointer-to-literal-cstring
0x00015154	0x00000004	[  5] pointer-to-literal-cstring
0x00015158	0x00000004	[  5] pointer-to-literal-cstring
0x0001515C	0x00000004	[  5] pointer-to-literal-cstring
0x00015160	0x00000004	[  5] pointer-to-literal-cstring
0x00015164	0x00000004	[  5] pointer-to-literal-cstring
0x00015168	0x00000004	[  5] pointer-to-literal-cstring
0x0001516C	0x00000004	[  5] pointer-to-literal-cstring
0x00015170	0x00000004	[  5] pointer-to-literal-cstring
0x00015174	0x00000004	[  5] pointer-to-literal-cstring
0x00015178	0x00000004	[  5] pointer-to-literal-cstring
0x0001517C	0x00000004	[  5] pointer-to-literal-cstring
0x00015180	0x00000004	[  5] pointer-to-literal-cstring
0x00015184	0x00000004	[  5] pointer-to-literal-cstring
0x00015188	0x00000004	[  5] pointer-to-literal-cstring
0x0001518C	0x00000004	[  5] pointer-to-literal-cstring
0x00015190	0x00000004	[  5] pointer-to-literal-cstring
0x00015194	0x00000004	[  5] pointer-to-literal-cstring
0x00015198	0x00000010	[  3] anon
0x000151A8	0x00000010	[  4] anon
0x000151B8	0x00000010	[  5] anon
0x000151C8	0x00000030	[  4] .objc_class_name_Xbox360Controller
0x000151F8	0x00000030	[  5] .objc_class_name_Xbox360ControllerManager
0x00015228	0x00000030	[  4] anon
0x00015258	0x00000030	[  5] anon
0x00015288	0x000001FC	[  4] anon
0x00015484	0x00000070	[  5] anon
0x000154F4	0x000001E8	[  4] anon
0x000156DC	0x0000005C	[  5] anon
0x00015738	0x000000D8	[  4] l_OBJC_$_PROP_LIST_Xbox360Controller
0x00015810	0x00000010	[  5] l_OBJC_$_PROP_LIST_Xbox360ControllerManager
0x00015820	0x0000000C	[  4] anon
0x0001582C	0x0000000C	[  5] anon
0x00015838	0x00000010	[  4] anon
0x00015848	0x00000010	[  5] anon
0x00015858	0x00000020	[  5] anon
0x00015878	0x00000008	[  0] objc image info
